::ffff:192.168.1.26 - - [31/May/2022:16:21:25 +0000] "POST /api/v1/wallets/login HTTP/1.1" 200 504 "-" "okhttp/4.9.2"
::ffff:192.168.1.26 - - [31/May/2022:16:21:26 +0000] "POST /api/v1/transactions/wallet/62878c857533ce26b629efae HTTP/1.1" 200 11638 "-" "okhttp/4.9.2"
::ffff:192.168.1.26 - - [31/May/2022:16:21:46 +0000] "POST /api/v1/transactions/list/universal HTTP/1.1" 200 7568 "-" "okhttp/4.9.2"
::ffff:192.168.1.26 - - [31/May/2022:16:21:51 +0000] "POST /api/v1/transactions/list/universal HTTP/1.1" 200 7568 "-" "okhttp/4.9.2"
::ffff:192.168.1.45 - - [31/May/2022:16:23:37 +0000] "POST /api/v1/wallets/login HTTP/1.1" 200 504 "-" "okhttp/4.9.2"
::ffff:192.168.1.45 - - [31/May/2022:16:23:37 +0000] "POST /api/v1/transactions/wallet/62878c857533ce26b629efae HTTP/1.1" 200 11638 "-" "okhttp/4.9.2"
::ffff:192.168.1.45 - - [31/May/2022:16:24:00 +0000] "POST /api/v1/transactions/list/universal HTTP/1.1" 200 7716 "-" "okhttp/4.9.2"
::ffff:192.168.1.45 - - [31/May/2022:16:24:03 +0000] "POST /api/v1/transactions/list/universal HTTP/1.1" 200 7716 "-" "okhttp/4.9.2"
::ffff:192.168.1.45 - - [31/May/2022:16:26:13 +0000] "POST /api/v1/transactions/list/universal HTTP/1.1" 500 95 "-" "okhttp/4.9.2"
::ffff:192.168.1.45 - - [31/May/2022:16:26:14 +0000] "POST /api/v1/transactions/list/universal HTTP/1.1" 500 95 "-" "okhttp/4.9.2"
::ffff:192.168.1.45 - - [31/May/2022:16:26:27 +0000] "POST /api/v1/transactions/list/universal HTTP/1.1" 500 95 "-" "okhttp/4.9.2"
::ffff:192.168.1.45 - - [31/May/2022:16:26:34 +0000] "POST /api/v1/transactions/list/universal HTTP/1.1" 200 26 "-" "okhttp/4.9.2"
::ffff:192.168.1.45 - - [31/May/2022:16:29:32 +0000] "POST /api/v1/transactions/list/universal HTTP/1.1" 200 2357 "-" "okhttp/4.9.2"
::ffff:192.168.1.45 - - [31/May/2022:16:29:34 +0000] "POST /api/v1/transactions/list/universal HTTP/1.1" 200 2357 "-" "okhttp/4.9.2"
::ffff:192.168.1.45 - - [31/May/2022:16:30:22 +0000] "POST /api/v1/transactions/list/universal HTTP/1.1" 200 2234 "-" "okhttp/4.9.2"
::ffff:192.168.1.45 - - [31/May/2022:16:30:25 +0000] "POST /api/v1/transactions/list/universal HTTP/1.1" 200 7568 "-" "okhttp/4.9.2"
::ffff:192.168.1.45 - - [31/May/2022:16:30:30 +0000] "POST /api/v1/transactions/list/universal HTTP/1.1" 200 2234 "-" "okhttp/4.9.2"
::ffff:192.168.1.45 - - [31/May/2022:16:31:11 +0000] "POST /api/v1/transactions/list/universal HTTP/1.1" 200 2234 "-" "okhttp/4.9.2"
::ffff:192.168.1.45 - - [31/May/2022:16:34:19 +0000] "POST /api/v1/transactions/list/universal HTTP/1.1" 200 7568 "-" "okhttp/4.9.2"
::ffff:192.168.1.45 - - [31/May/2022:16:35:10 +0000] "POST /api/v1/transactions/list/universal HTTP/1.1" 200 7568 "-" "okhttp/4.9.2"
::ffff:192.168.1.45 - - [31/May/2022:16:35:25 +0000] "POST /api/v1/transactions/list/universal HTTP/1.1" 200 7568 "-" "okhttp/4.9.2"
::ffff:192.168.1.45 - - [31/May/2022:16:35:37 +0000] "POST /api/v1/transactions/list/universal HTTP/1.1" 200 7568 "-" "okhttp/4.9.2"
::ffff:192.168.1.43 - - [31/May/2022:16:36:19 +0000] "POST /api/v1/wallets/login HTTP/1.1" 200 504 "-" "Expo/2.24.3.1014878 CFNetwork/1331.0.7 Darwin/21.4.0"
::ffff:192.168.1.43 - - [31/May/2022:16:36:20 +0000] "POST /api/v1/transactions/wallet/62878c857533ce26b629efae HTTP/1.1" 200 11638 "-" "Expo/2.24.3.1014878 CFNetwork/1331.0.7 Darwin/21.4.0"
::ffff:192.168.1.43 - - [31/May/2022:16:36:48 +0000] "POST /api/v1/transactions/list/universal HTTP/1.1" 200 7568 "-" "Expo/2.24.3.1014878 CFNetwork/1331.0.7 Darwin/21.4.0"
::ffff:192.168.1.43 - - [31/May/2022:16:36:50 +0000] "POST /api/v1/transactions/list/universal HTTP/1.1" 200 7568 "-" "Expo/2.24.3.1014878 CFNetwork/1331.0.7 Darwin/21.4.0"
::ffff:192.168.1.45 - - [31/May/2022:16:39:32 +0000] "POST /api/v1/transactions/list/universal HTTP/1.1" 200 7568 "-" "okhttp/4.9.2"
::ffff:192.168.1.43 - - [31/May/2022:16:39:40 +0000] "POST /api/v1/transactions/list/universal HTTP/1.1" 200 7568 "-" "Expo/2.24.3.1014878 CFNetwork/1331.0.7 Darwin/21.4.0"
::ffff:192.168.1.45 - - [31/May/2022:16:39:57 +0000] "POST /api/v1/transactions/list/universal HTTP/1.1" 200 7568 "-" "okhttp/4.9.2"
::ffff:192.168.1.45 - - [31/May/2022:16:40:03 +0000] "POST /api/v1/transactions/list/universal HTTP/1.1" 200 7568 "-" "okhttp/4.9.2"
::ffff:192.168.1.45 - - [31/May/2022:16:40:22 +0000] "POST /api/v1/transactions/list/universal HTTP/1.1" 200 7568 "-" "okhttp/4.9.2"
::ffff:192.168.1.45 - - [31/May/2022:16:40:33 +0000] "POST /api/v1/transactions/list/universal HTTP/1.1" 200 7568 "-" "okhttp/4.9.2"
::ffff:192.168.1.45 - - [31/May/2022:16:40:54 +0000] "POST /api/v1/transactions/list/universal HTTP/1.1" 200 7568 "-" "okhttp/4.9.2"
::ffff:192.168.1.45 - - [31/May/2022:16:41:16 +0000] "POST /api/v1/transactions/list/universal HTTP/1.1" 200 7568 "-" "okhttp/4.9.2"
::ffff:192.168.1.45 - - [31/May/2022:16:41:50 +0000] "POST /api/v1/transactions/list/universal HTTP/1.1" 200 7568 "-" "okhttp/4.9.2"
::ffff:192.168.1.43 - - [31/May/2022:16:41:57 +0000] "POST /api/v1/transactions/list/universal HTTP/1.1" 200 7568 "-" "Expo/2.24.3.1014878 CFNetwork/1331.0.7 Darwin/21.4.0"
::ffff:192.168.1.43 - - [31/May/2022:16:42:00 +0000] "POST /api/v1/transactions/list/universal HTTP/1.1" 200 7568 "-" "Expo/2.24.3.1014878 CFNetwork/1331.0.7 Darwin/21.4.0"
::ffff:192.168.1.43 - - [31/May/2022:16:42:08 +0000] "POST /api/v1/transactions/list/universal HTTP/1.1" 200 7568 "-" "Expo/2.24.3.1014878 CFNetwork/1331.0.7 Darwin/21.4.0"
::ffff:192.168.1.43 - - [31/May/2022:16:42:20 +0000] "POST /api/v1/transactions/list/universal HTTP/1.1" 200 7568 "-" "Expo/2.24.3.1014878 CFNetwork/1331.0.7 Darwin/21.4.0"
::ffff:192.168.1.43 - - [31/May/2022:16:42:27 +0000] "POST /api/v1/transactions/list/universal HTTP/1.1" 200 7568 "-" "Expo/2.24.3.1014878 CFNetwork/1331.0.7 Darwin/21.4.0"
::ffff:192.168.1.43 - - [31/May/2022:16:42:39 +0000] "POST /api/v1/transactions/list/universal HTTP/1.1" 200 7568 "-" "Expo/2.24.3.1014878 CFNetwork/1331.0.7 Darwin/21.4.0"
::ffff:192.168.1.43 - - [31/May/2022:16:42:44 +0000] "POST /api/v1/transactions/list/universal HTTP/1.1" 200 7716 "-" "Expo/2.24.3.1014878 CFNetwork/1331.0.7 Darwin/21.4.0"
::ffff:192.168.1.43 - - [31/May/2022:16:42:45 +0000] "POST /api/v1/transactions/list/universal HTTP/1.1" 200 7716 "-" "Expo/2.24.3.1014878 CFNetwork/1331.0.7 Darwin/21.4.0"
::ffff:192.168.1.43 - - [31/May/2022:16:42:59 +0000] "POST /api/v1/transactions/list/universal HTTP/1.1" 200 7716 "-" "Expo/2.24.3.1014878 CFNetwork/1331.0.7 Darwin/21.4.0"
::ffff:192.168.1.43 - - [31/May/2022:16:43:12 +0000] "POST /api/v1/transactions/list/universal HTTP/1.1" 200 7716 "-" "Expo/2.24.3.1014878 CFNetwork/1331.0.7 Darwin/21.4.0"
::ffff:192.168.1.43 - - [31/May/2022:16:43:23 +0000] "POST /api/v1/transactions/list/universal HTTP/1.1" 200 7716 "-" "Expo/2.24.3.1014878 CFNetwork/1331.0.7 Darwin/21.4.0"
::ffff:192.168.1.43 - - [31/May/2022:16:43:33 +0000] "POST /api/v1/transactions/list/universal HTTP/1.1" 200 7716 "-" "Expo/2.24.3.1014878 CFNetwork/1331.0.7 Darwin/21.4.0"
::ffff:192.168.1.43 - - [31/May/2022:16:43:39 +0000] "POST /api/v1/transactions/list/universal HTTP/1.1" 200 7716 "-" "Expo/2.24.3.1014878 CFNetwork/1331.0.7 Darwin/21.4.0"
::ffff:192.168.1.45 - - [31/May/2022:16:43:45 +0000] "POST /api/v1/transactions/list/universal HTTP/1.1" 401 138 "-" "okhttp/4.9.2"
::ffff:192.168.1.45 - - [31/May/2022:16:43:49 +0000] "POST /api/v1/transactions/list/universal HTTP/1.1" 401 138 "-" "okhttp/4.9.2"
::ffff:192.168.1.45 - - [31/May/2022:16:43:55 +0000] "POST /api/v1/transactions/list/universal HTTP/1.1" 401 138 "-" "okhttp/4.9.2"
::ffff:192.168.1.45 - - [31/May/2022:16:44:00 +0000] "POST /api/v1/transactions/list/universal HTTP/1.1" 401 138 "-" "okhttp/4.9.2"
::ffff:192.168.1.45 - - [31/May/2022:16:44:16 +0000] "POST /api/v1/transactions/list/universal HTTP/1.1" 401 138 "-" "okhttp/4.9.2"
::ffff:192.168.1.45 - - [31/May/2022:16:44:21 +0000] "POST /api/v1/transactions/list/universal HTTP/1.1" 401 138 "-" "okhttp/4.9.2"
::ffff:192.168.1.45 - - [31/May/2022:16:45:32 +0000] "POST /api/v1/transactions/list/universal HTTP/1.1" 401 138 "-" "okhttp/4.9.2"
::ffff:192.168.1.43 - - [31/May/2022:16:46:19 +0000] "POST /api/v1/transactions/giftcardcharge HTTP/1.1" 400 364 "-" "Expo/2.24.3.1014878 CFNetwork/1331.0.7 Darwin/21.4.0"
::ffff:192.168.1.43 - - [31/May/2022:16:46:49 +0000] "POST /api/v1/transactions/giftcardcharge HTTP/1.1" 201 75 "-" "Expo/2.24.3.1014878 CFNetwork/1331.0.7 Darwin/21.4.0"
::ffff:192.168.1.43 - - [31/May/2022:16:46:49 +0000] "POST /api/v1/wallets/my/62878c857533ce26b629efae HTTP/1.1" 200 266 "-" "Expo/2.24.3.1014878 CFNetwork/1331.0.7 Darwin/21.4.0"
::ffff:192.168.1.43 - - [31/May/2022:16:46:50 +0000] "POST /api/v1/transactions/wallet/62878c857533ce26b629efae HTTP/1.1" 200 12231 "-" "Expo/2.24.3.1014878 CFNetwork/1331.0.7 Darwin/21.4.0"
::ffff:192.168.1.43 - - [31/May/2022:16:46:50 +0000] "POST /api/v1/transactions/wallet/62878c857533ce26b629efae HTTP/1.1" 200 12231 "-" "Expo/2.24.3.1014878 CFNetwork/1331.0.7 Darwin/21.4.0"
::ffff:192.168.1.43 - - [31/May/2022:16:49:49 +0000] "POST /api/v1/transactions/bonus HTTP/1.1" 201 77 "-" "Expo/2.24.3.1014878 CFNetwork/1331.0.7 Darwin/21.4.0"
::ffff:192.168.1.43 - - [31/May/2022:16:49:50 +0000] "POST /api/v1/wallets/my/62878c857533ce26b629efae HTTP/1.1" 200 266 "-" "Expo/2.24.3.1014878 CFNetwork/1331.0.7 Darwin/21.4.0"
::ffff:192.168.1.43 - - [31/May/2022:16:49:50 +0000] "POST /api/v1/transactions/wallet/62878c857533ce26b629efae HTTP/1.1" 200 12731 "-" "Expo/2.24.3.1014878 CFNetwork/1331.0.7 Darwin/21.4.0"
::ffff:192.168.1.43 - - [31/May/2022:16:49:50 +0000] "POST /api/v1/transactions/wallet/62878c857533ce26b629efae HTTP/1.1" 200 12731 "-" "Expo/2.24.3.1014878 CFNetwork/1331.0.7 Darwin/21.4.0"
::ffff:192.168.1.45 - - [31/May/2022:16:54:16 +0000] "POST /api/v1/wallets/login HTTP/1.1" 200 503 "-" "okhttp/4.9.2"
::ffff:192.168.1.45 - - [31/May/2022:16:54:16 +0000] "POST /api/v1/transactions/wallet/62878c857533ce26b629efae HTTP/1.1" 200 12731 "-" "okhttp/4.9.2"
::ffff:192.168.1.43 - - [31/May/2022:17:04:21 +0000] "POST /api/v1/wallets/login HTTP/1.1" 200 503 "-" "Expo/2.24.3.1014878 CFNetwork/1331.0.7 Darwin/21.4.0"
::ffff:192.168.1.45 - - [31/May/2022:17:04:21 +0000] "POST /api/v1/wallets/login HTTP/1.1" 200 503 "-" "okhttp/4.9.2"
::ffff:192.168.1.45 - - [31/May/2022:17:04:21 +0000] "POST /api/v1/transactions/wallet/62878c857533ce26b629efae HTTP/1.1" 200 12731 "-" "okhttp/4.9.2"
::ffff:192.168.1.43 - - [31/May/2022:17:04:21 +0000] "POST /api/v1/transactions/wallet/62878c857533ce26b629efae HTTP/1.1" 200 12731 "-" "Expo/2.24.3.1014878 CFNetwork/1331.0.7 Darwin/21.4.0"
::ffff:192.168.1.43 - - [31/May/2022:17:05:55 +0000] "POST /api/v1/transactions/list/universal HTTP/1.1" 500 95 "-" "Expo/2.24.3.1014878 CFNetwork/1331.0.7 Darwin/21.4.0"
::ffff:192.168.1.43 - - [31/May/2022:17:06:11 +0000] "POST /api/v1/transactions/list/universal HTTP/1.1" 200 7568 "-" "Expo/2.24.3.1014878 CFNetwork/1331.0.7 Darwin/21.4.0"
::ffff:192.168.1.43 - - [31/May/2022:17:06:13 +0000] "POST /api/v1/transactions/list/universal HTTP/1.1" 200 7568 "-" "Expo/2.24.3.1014878 CFNetwork/1331.0.7 Darwin/21.4.0"
::ffff:192.168.1.45 - - [31/May/2022:17:07:18 +0000] "POST /api/v1/transactions/list/universal HTTP/1.1" 500 95 "-" "okhttp/4.9.2"
::ffff:192.168.1.45 - - [31/May/2022:17:07:28 +0000] "POST /api/v1/transactions/list/universal HTTP/1.1" 200 26 "-" "okhttp/4.9.2"
::ffff:192.168.1.45 - - [31/May/2022:17:07:31 +0000] "POST /api/v1/transactions/list/universal HTTP/1.1" 200 26 "-" "okhttp/4.9.2"
::ffff:192.168.1.45 - - [31/May/2022:17:07:38 +0000] "POST /api/v1/transactions/list/universal HTTP/1.1" 200 26 "-" "okhttp/4.9.2"
::ffff:192.168.1.45 - - [31/May/2022:17:07:39 +0000] "POST /api/v1/transactions/list/universal HTTP/1.1" 200 26 "-" "okhttp/4.9.2"
::ffff:192.168.1.45 - - [31/May/2022:17:07:41 +0000] "POST /api/v1/transactions/list/universal HTTP/1.1" 200 26 "-" "okhttp/4.9.2"
::ffff:192.168.1.45 - - [31/May/2022:17:07:46 +0000] "POST /api/v1/transactions/list/universal HTTP/1.1" 200 26 "-" "okhttp/4.9.2"
::ffff:192.168.1.45 - - [31/May/2022:17:08:00 +0000] "POST /api/v1/transactions/list/universal HTTP/1.1" 200 26 "-" "okhttp/4.9.2"
::ffff:192.168.1.45 - - [31/May/2022:17:08:01 +0000] "POST /api/v1/transactions/list/universal HTTP/1.1" 200 26 "-" "okhttp/4.9.2"
::ffff:192.168.1.45 - - [31/May/2022:17:08:11 +0000] "POST /api/v1/transactions/list/universal HTTP/1.1" 200 7568 "-" "okhttp/4.9.2"
::ffff:192.168.1.45 - - [31/May/2022:17:08:12 +0000] "POST /api/v1/transactions/list/universal HTTP/1.1" 200 7568 "-" "okhttp/4.9.2"
::ffff:192.168.1.45 - - [31/May/2022:17:08:18 +0000] "POST /api/v1/transactions/list/universal HTTP/1.1" 200 7568 "-" "okhttp/4.9.2"
::ffff:192.168.1.45 - - [31/May/2022:17:10:24 +0000] "POST /api/v1/transactions/wallet/62878c857533ce26b629efae HTTP/1.1" 200 12731 "-" "okhttp/4.9.2"
::ffff:192.168.1.43 - - [31/May/2022:17:10:25 +0000] "POST /api/v1/transactions/wallet/62878c857533ce26b629efae HTTP/1.1" 200 12731 "-" "Expo/2.24.3.1014878 CFNetwork/1331.0.7 Darwin/21.4.0"
::ffff:192.168.1.45 - - [31/May/2022:17:10:54 +0000] "POST /api/v1/transactions/bonus HTTP/1.1" 201 77 "-" "okhttp/4.9.2"
::ffff:192.168.1.45 - - [31/May/2022:17:10:54 +0000] "POST /api/v1/wallets/my/62878c857533ce26b629efae HTTP/1.1" 200 266 "-" "okhttp/4.9.2"
::ffff:192.168.1.45 - - [31/May/2022:17:10:54 +0000] "POST /api/v1/transactions/wallet/62878c857533ce26b629efae HTTP/1.1" 200 13237 "-" "okhttp/4.9.2"
::ffff:192.168.1.45 - - [31/May/2022:17:10:55 +0000] "POST /api/v1/transactions/wallet/62878c857533ce26b629efae HTTP/1.1" 200 13237 "-" "okhttp/4.9.2"
::ffff:192.168.1.45 - - [31/May/2022:17:11:17 +0000] "POST /api/v1/transactions/bonus HTTP/1.1" 500 81 "-" "okhttp/4.9.2"
::ffff:192.168.1.45 - - [31/May/2022:17:11:40 +0000] "POST /api/v1/transactions/bonus HTTP/1.1" 500 81 "-" "okhttp/4.9.2"
::ffff:192.168.1.45 - - [31/May/2022:17:13:39 +0000] "POST /api/v1/transactions/wallet/62878c857533ce26b629efae HTTP/1.1" 200 13237 "-" "okhttp/4.9.2"
::ffff:192.168.1.43 - - [31/May/2022:17:13:40 +0000] "POST /api/v1/transactions/wallet/62878c857533ce26b629efae HTTP/1.1" 200 13237 "-" "Expo/2.24.3.1014878 CFNetwork/1331.0.7 Darwin/21.4.0"
::ffff:192.168.1.45 - - [31/May/2022:17:14:20 +0000] "POST /api/v1/transactions/wallet/62878c857533ce26b629efae HTTP/1.1" 200 13237 "-" "okhttp/4.9.2"
::ffff:192.168.1.43 - - [31/May/2022:17:14:21 +0000] "POST /api/v1/transactions/wallet/62878c857533ce26b629efae HTTP/1.1" 200 13237 "-" "Expo/2.24.3.1014878 CFNetwork/1331.0.7 Darwin/21.4.0"
::ffff:192.168.1.45 - - [31/May/2022:17:14:52 +0000] "POST /api/v1/transactions/wallet/62878c857533ce26b629efae HTTP/1.1" 200 13237 "-" "okhttp/4.9.2"
::ffff:192.168.1.43 - - [31/May/2022:17:14:53 +0000] "POST /api/v1/transactions/wallet/62878c857533ce26b629efae HTTP/1.1" 200 13237 "-" "Expo/2.24.3.1014878 CFNetwork/1331.0.7 Darwin/21.4.0"
::ffff:192.168.1.45 - - [31/May/2022:17:16:23 +0000] "POST /api/v1/transactions/wallet/62878c857533ce26b629efae HTTP/1.1" 200 13237 "-" "okhttp/4.9.2"
::ffff:192.168.1.43 - - [31/May/2022:17:16:24 +0000] "POST /api/v1/transactions/wallet/62878c857533ce26b629efae HTTP/1.1" 200 13237 "-" "Expo/2.24.3.1014878 CFNetwork/1331.0.7 Darwin/21.4.0"
::ffff:192.168.1.45 - - [31/May/2022:17:16:34 +0000] "POST /api/v1/transactions/wallet/62878c857533ce26b629efae HTTP/1.1" 200 13237 "-" "okhttp/4.9.2"
::ffff:192.168.1.43 - - [31/May/2022:17:16:35 +0000] "POST /api/v1/transactions/wallet/62878c857533ce26b629efae HTTP/1.1" 200 13237 "-" "Expo/2.24.3.1014878 CFNetwork/1331.0.7 Darwin/21.4.0"
::ffff:192.168.1.45 - - [31/May/2022:17:17:45 +0000] "POST /api/v1/transactions/wallet/62878c857533ce26b629efae HTTP/1.1" 200 13237 "-" "okhttp/4.9.2"
::ffff:192.168.1.43 - - [31/May/2022:17:17:46 +0000] "POST /api/v1/transactions/wallet/62878c857533ce26b629efae HTTP/1.1" 200 13237 "-" "Expo/2.24.3.1014878 CFNetwork/1331.0.7 Darwin/21.4.0"
::ffff:192.168.1.45 - - [31/May/2022:17:18:14 +0000] "POST /api/v1/transactions/wallet/62878c857533ce26b629efae HTTP/1.1" 200 13237 "-" "okhttp/4.9.2"
::ffff:192.168.1.43 - - [31/May/2022:17:18:15 +0000] "POST /api/v1/transactions/wallet/62878c857533ce26b629efae HTTP/1.1" 200 13237 "-" "Expo/2.24.3.1014878 CFNetwork/1331.0.7 Darwin/21.4.0"
::ffff:192.168.1.45 - - [31/May/2022:17:19:09 +0000] "POST /api/v1/transactions/wallet/62878c857533ce26b629efae HTTP/1.1" 200 13237 "-" "okhttp/4.9.2"
::ffff:192.168.1.43 - - [31/May/2022:17:19:10 +0000] "POST /api/v1/transactions/wallet/62878c857533ce26b629efae HTTP/1.1" 200 13237 "-" "Expo/2.24.3.1014878 CFNetwork/1331.0.7 Darwin/21.4.0"
::ffff:192.168.1.45 - - [31/May/2022:17:19:18 +0000] "POST /api/v1/transactions/wallet/62878c857533ce26b629efae HTTP/1.1" 200 13237 "-" "okhttp/4.9.2"
::ffff:192.168.1.43 - - [31/May/2022:17:19:18 +0000] "POST /api/v1/transactions/wallet/62878c857533ce26b629efae HTTP/1.1" 200 13237 "-" "Expo/2.24.3.1014878 CFNetwork/1331.0.7 Darwin/21.4.0"
::ffff:192.168.1.45 - - [31/May/2022:17:19:32 +0000] "POST /api/v1/transactions/bonus HTTP/1.1" 201 77 "-" "okhttp/4.9.2"
::ffff:192.168.1.45 - - [31/May/2022:17:19:32 +0000] "POST /api/v1/wallets/my/62878c857533ce26b629efae HTTP/1.1" 200 266 "-" "okhttp/4.9.2"
::ffff:192.168.1.45 - - [31/May/2022:17:19:32 +0000] "POST /api/v1/transactions/wallet/62878c857533ce26b629efae HTTP/1.1" 200 13736 "-" "okhttp/4.9.2"
::ffff:192.168.1.45 - - [31/May/2022:17:19:32 +0000] "POST /api/v1/transactions/wallet/62878c857533ce26b629efae HTTP/1.1" 200 13736 "-" "okhttp/4.9.2"
::ffff:192.168.1.45 - - [31/May/2022:17:22:04 +0000] "POST /api/v1/transactions/list/universal HTTP/1.1" 200 7568 "-" "okhttp/4.9.2"
::ffff:192.168.1.45 - - [31/May/2022:17:22:10 +0000] "POST /api/v1/transactions/list/universal HTTP/1.1" 200 7568 "-" "okhttp/4.9.2"
::ffff:192.168.1.45 - - [31/May/2022:17:22:34 +0000] "POST /api/v1/transactions/list/universal HTTP/1.1" 200 7568 "-" "okhttp/4.9.2"
::ffff:192.168.1.45 - - [31/May/2022:17:23:37 +0000] "POST /api/v1/transactions/list/universal HTTP/1.1" 200 7568 "-" "okhttp/4.9.2"
::ffff:192.168.1.45 - - [31/May/2022:17:23:54 +0000] "POST /api/v1/wallets/login HTTP/1.1" 200 503 "-" "okhttp/4.9.2"
::ffff:192.168.1.45 - - [31/May/2022:17:23:54 +0000] "POST /api/v1/transactions/wallet/62878c857533ce26b629efae HTTP/1.1" 200 13736 "-" "okhttp/4.9.2"
::ffff:192.168.1.45 - - [31/May/2022:17:23:59 +0000] "POST /api/v1/transactions/list/universal HTTP/1.1" 500 95 "-" "okhttp/4.9.2"
::ffff:192.168.1.45 - - [31/May/2022:17:24:10 +0000] "POST /api/v1/transactions/list/universal HTTP/1.1" 200 7568 "-" "okhttp/4.9.2"
::ffff:192.168.1.45 - - [31/May/2022:17:24:13 +0000] "POST /api/v1/transactions/list/universal HTTP/1.1" 200 7568 "-" "okhttp/4.9.2"
::ffff:192.168.1.45 - - [31/May/2022:17:24:37 +0000] "POST /api/v1/wallets/login HTTP/1.1" 200 503 "-" "okhttp/4.9.2"
::ffff:192.168.1.45 - - [31/May/2022:17:24:37 +0000] "POST /api/v1/transactions/wallet/62878c857533ce26b629efae HTTP/1.1" 200 13736 "-" "okhttp/4.9.2"
::ffff:192.168.1.45 - - [31/May/2022:17:24:49 +0000] "POST /api/v1/transactions/list/universal HTTP/1.1" 200 7568 "-" "okhttp/4.9.2"
::ffff:192.168.1.45 - - [31/May/2022:17:25:05 +0000] "POST /api/v1/transactions/list/universal HTTP/1.1" 200 7568 "-" "okhttp/4.9.2"
::ffff:192.168.1.45 - - [31/May/2022:17:25:11 +0000] "POST /api/v1/wallets/login HTTP/1.1" 200 503 "-" "okhttp/4.9.2"
::ffff:192.168.1.45 - - [31/May/2022:17:25:11 +0000] "POST /api/v1/transactions/wallet/62878c857533ce26b629efae HTTP/1.1" 200 13736 "-" "okhttp/4.9.2"
::ffff:192.168.1.45 - - [31/May/2022:17:25:24 +0000] "POST /api/v1/transactions/list/universal HTTP/1.1" 200 7568 "-" "okhttp/4.9.2"
::ffff:192.168.1.45 - - [31/May/2022:17:25:41 +0000] "POST /api/v1/wallets/login HTTP/1.1" 200 503 "-" "okhttp/4.9.2"
::ffff:192.168.1.45 - - [31/May/2022:17:25:42 +0000] "POST /api/v1/transactions/wallet/62878c857533ce26b629efae HTTP/1.1" 200 13736 "-" "okhttp/4.9.2"
::ffff:192.168.1.45 - - [31/May/2022:17:25:51 +0000] "POST /api/v1/transactions/list/universal HTTP/1.1" 200 7568 "-" "okhttp/4.9.2"
::ffff:192.168.1.45 - - [31/May/2022:17:25:53 +0000] "POST /api/v1/transactions/list/universal HTTP/1.1" 200 7568 "-" "okhttp/4.9.2"
::ffff:192.168.1.45 - - [31/May/2022:17:25:56 +0000] "POST /api/v1/transactions/list/universal HTTP/1.1" 200 7568 "-" "okhttp/4.9.2"
::ffff:192.168.1.45 - - [31/May/2022:17:25:59 +0000] "POST /api/v1/transactions/list/universal HTTP/1.1" 200 7568 "-" "okhttp/4.9.2"
::ffff:192.168.1.43 - - [31/May/2022:17:38:06 +0000] "POST /api/v1/transactions/list/universal HTTP/1.1" 401 138 "-" "Expo/2.24.3.1014878 CFNetwork/1331.0.7 Darwin/21.4.0"
::ffff:192.168.1.43 - - [31/May/2022:17:38:07 +0000] "POST /api/v1/transactions/list/universal HTTP/1.1" 401 138 "-" "Expo/2.24.3.1014878 CFNetwork/1331.0.7 Darwin/21.4.0"
::ffff:192.168.1.43 - - [31/May/2022:17:38:08 +0000] "POST /api/v1/transactions/list/universal HTTP/1.1" 401 138 "-" "Expo/2.24.3.1014878 CFNetwork/1331.0.7 Darwin/21.4.0"
::ffff:192.168.1.43 - - [31/May/2022:17:38:27 +0000] "POST /api/v1/transactions/list/universal HTTP/1.1" 401 138 "-" "Expo/2.24.3.1014878 CFNetwork/1331.0.7 Darwin/21.4.0"
::ffff:192.168.1.43 - - [31/May/2022:17:38:29 +0000] "POST /api/v1/transactions/list/universal HTTP/1.1" 401 138 "-" "Expo/2.24.3.1014878 CFNetwork/1331.0.7 Darwin/21.4.0"
::ffff:192.168.1.45 - - [31/May/2022:17:45:56 +0000] "POST /api/v1/transactions/list/universal HTTP/1.1" 401 138 "-" "okhttp/4.9.2"
::ffff:192.168.1.45 - - [31/May/2022:17:46:03 +0000] "POST /api/v1/transactions/list/universal HTTP/1.1" 401 138 "-" "okhttp/4.9.2"
::ffff:192.168.1.45 - - [31/May/2022:17:46:08 +0000] "POST /api/v1/transactions/list/universal HTTP/1.1" 401 138 "-" "okhttp/4.9.2"
::ffff:192.168.1.45 - - [31/May/2022:17:47:47 +0000] "POST /api/v1/transactions/list/universal HTTP/1.1" 401 138 "-" "okhttp/4.9.2"
::ffff:192.168.1.45 - - [31/May/2022:17:47:48 +0000] "POST /api/v1/transactions/list/universal HTTP/1.1" 401 138 "-" "okhttp/4.9.2"
::ffff:192.168.1.43 - - [31/May/2022:17:47:50 +0000] "POST /api/v1/transactions/list/universal HTTP/1.1" 401 138 "-" "Expo/2.24.3.1014878 CFNetwork/1331.0.7 Darwin/21.4.0"
::ffff:192.168.1.43 - - [31/May/2022:17:48:05 +0000] "POST /api/v1/transactions/list/universal HTTP/1.1" 401 138 "-" "Expo/2.24.3.1014878 CFNetwork/1331.0.7 Darwin/21.4.0"
::ffff:192.168.1.45 - - [31/May/2022:17:48:31 +0000] "POST /api/v1/transactions/list/universal HTTP/1.1" 401 138 "-" "okhttp/4.9.2"
::ffff:192.168.1.45 - - [31/May/2022:17:49:20 +0000] "POST /api/v1/wallets/login HTTP/1.1" 200 503 "-" "okhttp/4.9.2"
::ffff:192.168.1.45 - - [31/May/2022:17:49:20 +0000] "POST /api/v1/transactions/wallet/62878c857533ce26b629efae HTTP/1.1" 200 13736 "-" "okhttp/4.9.2"
::ffff:192.168.1.43 - - [31/May/2022:17:50:09 +0000] "POST /api/v1/transactions/list/universal HTTP/1.1" 401 138 "-" "Expo/2.24.3.1014878 CFNetwork/1331.0.7 Darwin/21.4.0"
::ffff:192.168.1.43 - - [31/May/2022:17:50:10 +0000] "POST /api/v1/transactions/list/universal HTTP/1.1" 401 138 "-" "Expo/2.24.3.1014878 CFNetwork/1331.0.7 Darwin/21.4.0"
::ffff:192.168.1.43 - - [31/May/2022:17:50:37 +0000] "POST /api/v1/transactions/list/universal HTTP/1.1" 401 138 "-" "Expo/2.24.3.1014878 CFNetwork/1331.0.7 Darwin/21.4.0"
::ffff:192.168.1.45 - - [31/May/2022:17:50:39 +0000] "POST /api/v1/transactions/list/universal HTTP/1.1" 500 350 "-" "okhttp/4.9.2"
::ffff:192.168.1.45 - - [31/May/2022:17:50:49 +0000] "POST /api/v1/transactions/list/universal HTTP/1.1" 200 7568 "-" "okhttp/4.9.2"
::ffff:192.168.1.45 - - [31/May/2022:17:50:50 +0000] "POST /api/v1/transactions/list/universal HTTP/1.1" 200 7568 "-" "okhttp/4.9.2"
::ffff:192.168.1.45 - - [31/May/2022:17:50:55 +0000] "POST /api/v1/transactions/list/universal HTTP/1.1" 200 7568 "-" "okhttp/4.9.2"
::ffff:192.168.1.45 - - [31/May/2022:17:51:04 +0000] "POST /api/v1/transactions/list/universal HTTP/1.1" 200 8309 "-" "okhttp/4.9.2"
::ffff:192.168.1.45 - - [31/May/2022:17:51:14 +0000] "POST /api/v1/transactions/list/universal HTTP/1.1" 200 3739 "-" "okhttp/4.9.2"
::ffff:192.168.1.45 - - [31/May/2022:17:51:25 +0000] "POST /api/v1/wallets/login HTTP/1.1" 200 503 "-" "okhttp/4.9.2"
::ffff:192.168.1.45 - - [31/May/2022:17:51:25 +0000] "POST /api/v1/transactions/wallet/62878c857533ce26b629efae HTTP/1.1" 200 13736 "-" "okhttp/4.9.2"
::ffff:192.168.1.45 - - [31/May/2022:17:51:58 +0000] "POST /api/v1/transactions/list/universal HTTP/1.1" 200 8309 "-" "okhttp/4.9.2"
::ffff:192.168.1.45 - - [31/May/2022:17:51:59 +0000] "POST /api/v1/transactions/list/universal HTTP/1.1" 200 8309 "-" "okhttp/4.9.2"
::ffff:192.168.1.45 - - [31/May/2022:17:52:10 +0000] "POST /api/v1/transactions/list/universal HTTP/1.1" 200 8309 "-" "okhttp/4.9.2"
::ffff:192.168.1.45 - - [31/May/2022:17:52:39 +0000] "POST /api/v1/transactions/list/universal HTTP/1.1" 200 7722 "-" "okhttp/4.9.2"
::ffff:192.168.1.45 - - [31/May/2022:17:55:16 +0000] "POST /api/v1/wallets/login HTTP/1.1" 200 503 "-" "okhttp/4.9.2"
::ffff:192.168.1.45 - - [31/May/2022:17:55:16 +0000] "POST /api/v1/transactions/wallet/62878c857533ce26b629efae HTTP/1.1" 200 13736 "-" "okhttp/4.9.2"
::ffff:192.168.1.45 - - [31/May/2022:17:55:27 +0000] "POST /api/v1/transactions/list/universal HTTP/1.1" 200 7568 "-" "okhttp/4.9.2"
::ffff:192.168.1.45 - - [31/May/2022:17:55:29 +0000] "POST /api/v1/transactions/list/universal HTTP/1.1" 200 7568 "-" "okhttp/4.9.2"
::ffff:192.168.1.45 - - [31/May/2022:17:55:57 +0000] "POST /api/v1/transactions/list/universal HTTP/1.1" 200 7722 "-" "okhttp/4.9.2"
::ffff:192.168.1.45 - - [31/May/2022:17:55:58 +0000] "POST /api/v1/transactions/list/universal HTTP/1.1" 200 7722 "-" "okhttp/4.9.2"
::ffff:192.168.1.45 - - [31/May/2022:17:56:48 +0000] "POST /api/v1/transactions/list/universal HTTP/1.1" 200 8309 "-" "okhttp/4.9.2"
::ffff:192.168.1.45 - - [31/May/2022:17:56:49 +0000] "POST /api/v1/transactions/list/universal HTTP/1.1" 200 8309 "-" "okhttp/4.9.2"
::ffff:192.168.1.45 - - [31/May/2022:18:00:01 +0000] "POST /api/v1/transactions/list/universal HTTP/1.1" 200 9155 "-" "okhttp/4.9.2"
::ffff:192.168.1.45 - - [31/May/2022:18:00:03 +0000] "POST /api/v1/transactions/list/universal HTTP/1.1" 200 9155 "-" "okhttp/4.9.2"
::ffff:192.168.1.26 - - [31/May/2022:18:03:56 +0000] "POST /api/v1/wallets/login HTTP/1.1" 200 503 "-" "okhttp/4.9.2"
::ffff:192.168.1.26 - - [31/May/2022:18:03:56 +0000] "POST /api/v1/transactions/wallet/62878c857533ce26b629efae HTTP/1.1" 200 13736 "-" "okhttp/4.9.2"
::ffff:192.168.1.45 - - [01/Jun/2022:15:03:29 +0000] "POST /api/v1/wallets/login HTTP/1.1" 200 503 "-" "okhttp/4.9.2"
::ffff:192.168.1.45 - - [01/Jun/2022:15:03:29 +0000] "POST /api/v1/transactions/wallet/62878c857533ce26b629efae HTTP/1.1" 200 13736 "-" "okhttp/4.9.2"
::ffff:192.168.1.45 - - [01/Jun/2022:15:03:43 +0000] "POST /api/v1/transactions/list/universal HTTP/1.1" 200 9155 "-" "okhttp/4.9.2"
::ffff:192.168.1.45 - - [01/Jun/2022:15:03:46 +0000] "POST /api/v1/transactions/list/universal HTTP/1.1" 200 9155 "-" "okhttp/4.9.2"
::1 - - [01/Jun/2022:15:25:46 +0000] "POST /api/v1/wallets/login HTTP/1.1" 200 498 "-" "PostmanRuntime/7.29.0"
::1 - - [01/Jun/2022:15:26:23 +0000] "POST /api/v1/api/v1/transactions/total HTTP/1.1" 404 172 "-" "PostmanRuntime/7.29.0"
::1 - - [01/Jun/2022:15:26:29 +0000] "POST /api/v1/transactions/total HTTP/1.1" 400 112 "-" "PostmanRuntime/7.29.0"
::1 - - [01/Jun/2022:15:26:44 +0000] "POST /api/v1/transactions/total HTTP/1.1" 500 87 "-" "PostmanRuntime/7.29.0"
::1 - - [01/Jun/2022:15:26:47 +0000] "POST /api/v1/transactions/total HTTP/1.1" 500 87 "-" "PostmanRuntime/7.29.0"
::1 - - [01/Jun/2022:15:27:08 +0000] "POST /api/v1/transactions/total HTTP/1.1" 200 218 "-" "PostmanRuntime/7.29.0"
::1 - - [01/Jun/2022:15:27:30 +0000] "POST /api/v1/transactions/total HTTP/1.1" 200 254 "-" "PostmanRuntime/7.29.0"
::1 - - [01/Jun/2022:15:28:07 +0000] "POST /api/v1/transactions/total HTTP/1.1" 200 254 "-" "PostmanRuntime/7.29.0"
::1 - - [01/Jun/2022:15:28:47 +0000] "POST /api/v1/transactions/total HTTP/1.1" 200 707 "-" "PostmanRuntime/7.29.0"
::1 - - [01/Jun/2022:15:34:39 +0000] "POST /api/v1/transactions/total HTTP/1.1" 500 62 "-" "PostmanRuntime/7.29.0"
::1 - - [01/Jun/2022:15:34:56 +0000] "POST /api/v1/transactions/total HTTP/1.1" 200 77 "-" "PostmanRuntime/7.29.0"
::1 - - [01/Jun/2022:15:34:59 +0000] "POST /api/v1/transactions/total HTTP/1.1" 200 77 "-" "PostmanRuntime/7.29.0"
::1 - - [01/Jun/2022:15:35:52 +0000] "POST /api/v1/transactions/total HTTP/1.1" 200 77 "-" "PostmanRuntime/7.29.0"
::1 - - [01/Jun/2022:15:35:53 +0000] "POST /api/v1/transactions/total HTTP/1.1" 200 77 "-" "PostmanRuntime/7.29.0"
::1 - - [01/Jun/2022:15:36:50 +0000] "POST /api/v1/transactions/total HTTP/1.1" 200 202 "-" "PostmanRuntime/7.29.0"
::1 - - [01/Jun/2022:15:37:05 +0000] "POST /api/v1/transactions/total HTTP/1.1" 200 82 "-" "PostmanRuntime/7.29.0"
::1 - - [01/Jun/2022:15:38:05 +0000] "POST /api/v1/transactions/total HTTP/1.1" 500 63 "-" "PostmanRuntime/7.29.0"
::1 - - [01/Jun/2022:15:38:07 +0000] "POST /api/v1/transactions/total HTTP/1.1" 500 63 "-" "PostmanRuntime/7.29.0"
::1 - - [01/Jun/2022:15:39:40 +0000] "POST /api/v1/transactions/total HTTP/1.1" 500 63 "-" "PostmanRuntime/7.29.0"
::1 - - [01/Jun/2022:15:39:41 +0000] "POST /api/v1/transactions/total HTTP/1.1" 500 63 "-" "PostmanRuntime/7.29.0"
::1 - - [01/Jun/2022:15:40:22 +0000] "POST /api/v1/transactions/total HTTP/1.1" 200 82 "-" "PostmanRuntime/7.29.0"
::1 - - [01/Jun/2022:15:41:22 +0000] "POST /api/v1/transactions/total HTTP/1.1" 200 82 "-" "PostmanRuntime/7.29.0"
::1 - - [01/Jun/2022:15:41:23 +0000] "POST /api/v1/transactions/total HTTP/1.1" 200 82 "-" "PostmanRuntime/7.29.0"
::1 - - [01/Jun/2022:15:41:47 +0000] "POST /api/v1/transactions/total HTTP/1.1" 500 359 "-" "PostmanRuntime/7.29.0"
::1 - - [01/Jun/2022:15:42:04 +0000] "POST /api/v1/transactions/total HTTP/1.1" 200 82 "-" "PostmanRuntime/7.29.0"
::1 - - [01/Jun/2022:15:45:10 +0000] "POST /api/v1/transactions/total HTTP/1.1" 500 479 "-" "PostmanRuntime/7.29.0"
::1 - - [01/Jun/2022:15:47:14 +0000] "POST /api/v1/transactions/total HTTP/1.1" 500 479 "-" "PostmanRuntime/7.29.0"
::1 - - [01/Jun/2022:15:47:20 +0000] "POST /api/v1/transactions/total HTTP/1.1" 500 479 "-" "PostmanRuntime/7.29.0"
::1 - - [01/Jun/2022:15:47:26 +0000] "POST /api/v1/transactions/total HTTP/1.1" 200 82 "-" "PostmanRuntime/7.29.0"
::1 - - [01/Jun/2022:15:49:40 +0000] "POST /api/v1/transactions/total HTTP/1.1" 500 464 "-" "PostmanRuntime/7.29.0"
::1 - - [01/Jun/2022:15:50:01 +0000] "POST /api/v1/transactions/total HTTP/1.1" 500 362 "-" "PostmanRuntime/7.29.0"
::1 - - [01/Jun/2022:15:50:35 +0000] "POST /api/v1/transactions/total HTTP/1.1" 500 464 "-" "PostmanRuntime/7.29.0"
::1 - - [01/Jun/2022:15:50:36 +0000] "POST /api/v1/transactions/total HTTP/1.1" 500 464 "-" "PostmanRuntime/7.29.0"
::1 - - [01/Jun/2022:15:52:04 +0000] "POST /api/v1/transactions/total HTTP/1.1" 200 82 "-" "PostmanRuntime/7.29.0"
::1 - - [01/Jun/2022:15:52:45 +0000] "POST /api/v1/transactions/total HTTP/1.1" 200 84 "-" "PostmanRuntime/7.29.0"
::1 - - [01/Jun/2022:15:52:46 +0000] "POST /api/v1/transactions/total HTTP/1.1" 200 84 "-" "PostmanRuntime/7.29.0"
::1 - - [01/Jun/2022:15:53:07 +0000] "POST /api/v1/transactions/total HTTP/1.1" 200 797 "-" "PostmanRuntime/7.29.0"
::1 - - [01/Jun/2022:15:53:57 +0000] "POST /api/v1/transactions/total HTTP/1.1" 200 82 "-" "PostmanRuntime/7.29.0"
::1 - - [01/Jun/2022:15:54:33 +0000] "POST /api/v1/transactions/total HTTP/1.1" 200 914 "-" "PostmanRuntime/7.29.0"
::1 - - [01/Jun/2022:15:55:21 +0000] "POST /api/v1/transactions/total HTTP/1.1" 200 1022 "-" "PostmanRuntime/7.29.0"
::1 - - [01/Jun/2022:15:55:41 +0000] "POST /api/v1/transactions/total HTTP/1.1" 200 1022 "-" "PostmanRuntime/7.29.0"
::1 - - [01/Jun/2022:15:55:58 +0000] "POST /api/v1/transactions/total HTTP/1.1" 500 397 "-" "PostmanRuntime/7.29.0"
::1 - - [01/Jun/2022:15:56:04 +0000] "POST /api/v1/transactions/total HTTP/1.1" 200 776 "-" "PostmanRuntime/7.29.0"
::1 - - [01/Jun/2022:15:56:11 +0000] "POST /api/v1/transactions/total HTTP/1.1" 200 1022 "-" "PostmanRuntime/7.29.0"
::1 - - [01/Jun/2022:15:56:41 +0000] "POST /api/v1/transactions/total HTTP/1.1" 200 1022 "-" "PostmanRuntime/7.29.0"
::ffff:192.168.1.45 - - [01/Jun/2022:15:57:12 +0000] "POST /api/v1/wallets/login HTTP/1.1" 200 503 "-" "okhttp/4.9.2"
::ffff:192.168.1.45 - - [01/Jun/2022:15:57:12 +0000] "POST /api/v1/transactions/wallet/62878c857533ce26b629efae HTTP/1.1" 200 13736 "-" "okhttp/4.9.2"
::ffff:192.168.1.45 - - [01/Jun/2022:15:57:26 +0000] "POST /api/v1/transactions/bonus HTTP/1.1" 500 81 "-" "okhttp/4.9.2"
::ffff:192.168.1.45 - - [01/Jun/2022:15:57:39 +0000] "POST /api/v1/transactions/bonus HTTP/1.1" 201 77 "-" "okhttp/4.9.2"
::ffff:192.168.1.45 - - [01/Jun/2022:15:57:40 +0000] "POST /api/v1/wallets/my/62878c857533ce26b629efae HTTP/1.1" 200 266 "-" "okhttp/4.9.2"
::ffff:192.168.1.45 - - [01/Jun/2022:15:57:40 +0000] "POST /api/v1/transactions/wallet/62878c857533ce26b629efae HTTP/1.1" 200 14242 "-" "okhttp/4.9.2"
::ffff:192.168.1.45 - - [01/Jun/2022:15:57:40 +0000] "POST /api/v1/transactions/wallet/62878c857533ce26b629efae HTTP/1.1" 200 14242 "-" "okhttp/4.9.2"
::1 - - [01/Jun/2022:15:57:43 +0000] "POST /api/v1/transactions/total HTTP/1.1" 200 1228 "-" "PostmanRuntime/7.29.0"
::1 - - [01/Jun/2022:15:58:19 +0000] "POST /api/v1/transactions/total HTTP/1.1" 200 1228 "-" "PostmanRuntime/7.29.0"
::1 - - [01/Jun/2022:15:58:32 +0000] "POST /api/v1/transactions/total HTTP/1.1" 500 359 "-" "PostmanRuntime/7.29.0"
::1 - - [01/Jun/2022:15:58:33 +0000] "POST /api/v1/transactions/total HTTP/1.1" 500 359 "-" "PostmanRuntime/7.29.0"
::1 - - [01/Jun/2022:15:58:38 +0000] "POST /api/v1/transactions/total HTTP/1.1" 200 1228 "-" "PostmanRuntime/7.29.0"
::1 - - [01/Jun/2022:15:59:26 +0000] "POST /api/v1/transactions/total HTTP/1.1" 200 1228 "-" "PostmanRuntime/7.29.0"
