::ffff:192.168.1.56 - - [05/Feb/2023:06:24:08 +0000] "POST /api/v1/wallets/version HTTP/1.1" 200 47 "-" "okhttp/4.9.2"
::ffff:192.168.1.56 - - [05/Feb/2023:06:24:12 +0000] "POST /api/v1/wallets/version HTTP/1.1" 200 47 "-" "okhttp/4.9.2"
::ffff:192.168.1.56 - - [05/Feb/2023:06:24:13 +0000] "POST /api/v1/wallets/create HTTP/1.1" 481 109 "-" "okhttp/4.9.2"
::ffff:192.168.1.56 - - [05/Feb/2023:06:24:14 +0000] "POST /api/v1/wallets/version HTTP/1.1" 200 47 "-" "okhttp/4.9.2"
::ffff:192.168.1.56 - - [05/Feb/2023:06:24:24 +0000] "POST /api/v1/wallets/version HTTP/1.1" 200 47 "-" "okhttp/4.9.2"
::ffff:192.168.1.56 - - [05/Feb/2023:06:24:24 +0000] "POST /api/v1/wallets/login HTTP/1.1" 200 498 "-" "okhttp/4.9.2"
::ffff:192.168.1.56 - - [05/Feb/2023:06:24:25 +0000] "POST /api/v1/transactions/wallet/63cd53187377d70bc3d6f4bb HTTP/1.1" 200 23155 "-" "okhttp/4.9.2"
::ffff:192.168.1.56 - - [05/Feb/2023:06:45:57 +0000] "POST /api/v1/wallets/version HTTP/1.1" 200 47 "-" "okhttp/4.9.2"
::ffff:192.168.1.56 - - [05/Feb/2023:06:46:01 +0000] "POST /api/v1/wallets/version HTTP/1.1" 200 47 "-" "okhttp/4.9.2"
::ffff:192.168.1.56 - - [05/Feb/2023:06:46:01 +0000] "POST /api/v1/wallets/create HTTP/1.1" 200 487 "-" "okhttp/4.9.2"
::ffff:192.168.1.56 - - [05/Feb/2023:06:46:02 +0000] "POST /api/v1/transactions/wallet/63cc0d226c55f6d87d51ab19 HTTP/1.1" 200 53963 "-" "okhttp/4.9.2"
::1 - - [05/Feb/2023:06:55:29 +0000] "POST /api/v1/marketing HTTP/1.1" 404 156 "-" "PostmanRuntime/7.30.0"
::1 - - [05/Feb/2023:06:55:53 +0000] "POST /api/v1/marketing HTTP/1.1" 404 156 "-" "PostmanRuntime/7.30.0"
::1 - - [05/Feb/2023:06:56:05 +0000] "POST /api/v1/marketing HTTP/1.1" 404 156 "-" "PostmanRuntime/7.30.0"
::1 - - [05/Feb/2023:06:56:21 +0000] "POST /api/v1/marketing/marketing HTTP/1.1" 500 55 "-" "PostmanRuntime/7.30.0"
::1 - - [05/Feb/2023:06:56:30 +0000] "POST /api/v1/marketing/marketing HTTP/1.1" 500 55 "-" "PostmanRuntime/7.30.0"
::1 - - [05/Feb/2023:06:58:57 +0000] "POST /api/v1/marketing/marketing HTTP/1.1" 500 59 "-" "PostmanRuntime/7.30.0"
::1 - - [05/Feb/2023:07:00:32 +0000] "POST /api/v1/marketing/marketing HTTP/1.1" - - "-" "PostmanRuntime/7.30.0"
::1 - - [05/Feb/2023:07:08:25 +0000] "POST /api/v1/marketing/marketing HTTP/1.1" 500 62 "-" "PostmanRuntime/7.30.0"
::ffff:192.168.1.56 - - [05/Feb/2023:07:13:16 +0000] "POST /api/v1/wallets/version HTTP/1.1" 200 47 "-" "okhttp/4.9.2"
::ffff:192.168.1.56 - - [05/Feb/2023:07:13:19 +0000] "POST /api/v1/wallets/version HTTP/1.1" 200 47 "-" "okhttp/4.9.2"
::ffff:192.168.1.56 - - [05/Feb/2023:07:13:20 +0000] "POST /api/v1/wallets/create HTTP/1.1" 200 487 "-" "okhttp/4.9.2"
::ffff:192.168.1.56 - - [05/Feb/2023:07:13:20 +0000] "POST /api/v1/transactions/wallet/63cc0d226c55f6d87d51ab19 HTTP/1.1" 200 53963 "-" "okhttp/4.9.2"
::ffff:192.168.1.56 - - [05/Feb/2023:07:17:18 +0000] "POST /api/v1/wallets/version HTTP/1.1" 200 47 "-" "okhttp/4.9.2"
::1 - - [05/Feb/2023:07:17:21 +0000] "POST /api/v1/marketing/marketing HTTP/1.1" - - "-" "PostmanRuntime/7.30.0"
::ffff:192.168.1.56 - - [05/Feb/2023:07:17:27 +0000] "POST /api/v1/wallets/version HTTP/1.1" 200 47 "-" "okhttp/4.9.2"
::ffff:192.168.1.56 - - [05/Feb/2023:07:17:27 +0000] "POST /api/v1/wallets/create HTTP/1.1" 200 487 "-" "okhttp/4.9.2"
::ffff:192.168.1.56 - - [05/Feb/2023:07:17:28 +0000] "POST /api/v1/transactions/wallet/63cc0d226c55f6d87d51ab19 HTTP/1.1" 200 53963 "-" "okhttp/4.9.2"
::1 - - [05/Feb/2023:07:18:05 +0000] "POST /api/v1/marketing/marketing HTTP/1.1" - - "-" "PostmanRuntime/7.30.0"
::ffff:192.168.1.56 - - [05/Feb/2023:07:18:13 +0000] "POST /api/v1/wallets/version HTTP/1.1" 200 47 "-" "okhttp/4.9.2"
::1 - - [05/Feb/2023:07:29:08 +0000] "POST /api/v1/marketing/marketing HTTP/1.1" - - "-" "PostmanRuntime/7.30.0"
::1 - - [05/Feb/2023:07:30:00 +0000] "POST /api/v1/marketing/marketing HTTP/1.1" 500 52 "-" "PostmanRuntime/7.30.0"
::1 - - [05/Feb/2023:07:30:28 +0000] "POST /api/v1/marketing/marketing HTTP/1.1" - - "-" "PostmanRuntime/7.30.0"
::1 - - [05/Feb/2023:07:31:10 +0000] "POST /api/v1/marketing/marketing HTTP/1.1" - - "-" "PostmanRuntime/7.30.0"
::1 - - [05/Feb/2023:07:32:42 +0000] "POST /api/v1/marketing/marketing HTTP/1.1" - - "-" "PostmanRuntime/7.30.0"
::1 - - [05/Feb/2023:07:33:16 +0000] "POST /api/v1/marketing/marketing HTTP/1.1" - - "-" "PostmanRuntime/7.30.0"
::1 - - [05/Feb/2023:07:34:54 +0000] "POST /api/v1/marketing/marketing HTTP/1.1" - - "-" "PostmanRuntime/7.30.0"
::1 - - [05/Feb/2023:07:35:06 +0000] "POST /api/v1/marketing/marketing HTTP/1.1" 500 56 "-" "PostmanRuntime/7.30.0"
::1 - - [05/Feb/2023:07:36:01 +0000] "POST /api/v1/marketing/marketing HTTP/1.1" - - "-" "PostmanRuntime/7.30.0"
::1 - - [05/Feb/2023:07:38:33 +0000] "POST /api/v1/marketing/marketing HTTP/1.1" - - "-" "PostmanRuntime/7.30.0"
::1 - - [05/Feb/2023:07:38:38 +0000] "POST /api/v1/marketing/marketing HTTP/1.1" - - "-" "PostmanRuntime/7.30.0"
::1 - - [05/Feb/2023:07:39:38 +0000] "POST /api/v1/marketing/marketing HTTP/1.1" - - "-" "PostmanRuntime/7.30.0"
::1 - - [05/Feb/2023:07:39:49 +0000] "POST /api/v1/marketing/marketing HTTP/1.1" - - "-" "PostmanRuntime/7.30.0"
::1 - - [05/Feb/2023:07:41:23 +0000] "POST /api/v1/marketing/marketing HTTP/1.1" - - "-" "PostmanRuntime/7.30.0"
::1 - - [05/Feb/2023:07:41:37 +0000] "POST /api/v1/marketing/marketing HTTP/1.1" - - "-" "PostmanRuntime/7.30.0"
::ffff:192.168.1.56 - - [05/Feb/2023:07:44:02 +0000] "POST /api/v1/wallets/version HTTP/1.1" 200 47 "-" "okhttp/4.9.2"
::1 - - [05/Feb/2023:07:45:17 +0000] "POST /api/v1/marketing/marketing HTTP/1.1" - - "-" "PostmanRuntime/7.30.0"
::1 - - [05/Feb/2023:07:46:42 +0000] "POST /api/v1/marketing/marketing HTTP/1.1" - - "-" "PostmanRuntime/7.30.0"
::1 - - [05/Feb/2023:07:47:13 +0000] "POST /api/v1/marketing/marketing HTTP/1.1" - - "-" "PostmanRuntime/7.30.0"
::1 - - [05/Feb/2023:07:47:40 +0000] "POST /api/v1/marketing/marketing HTTP/1.1" - - "-" "PostmanRuntime/7.30.0"
::1 - - [05/Feb/2023:07:48:47 +0000] "POST /api/v1/marketing/marketing HTTP/1.1" - - "-" "PostmanRuntime/7.30.0"
::1 - - [05/Feb/2023:07:49:53 +0000] "POST /api/v1/marketing/marketing HTTP/1.1" - - "-" "PostmanRuntime/7.30.0"
::1 - - [05/Feb/2023:07:50:10 +0000] "POST /api/v1/marketing/marketing HTTP/1.1" 200 32 "-" "PostmanRuntime/7.30.0"
::1 - - [05/Feb/2023:07:50:39 +0000] "POST /api/v1/marketing/marketing HTTP/1.1" 200 32 "-" "PostmanRuntime/7.30.0"
::1 - - [05/Feb/2023:07:55:56 +0000] "POST /api/v1/marketing/marketing HTTP/1.1" 200 32 "-" "PostmanRuntime/7.30.0"
::1 - - [05/Feb/2023:07:57:06 +0000] "POST /api/v1/marketing/marketing HTTP/1.1" 200 32 "-" "PostmanRuntime/7.30.0"
::1 - - [05/Feb/2023:07:57:40 +0000] "POST /api/v1/marketing/marketing HTTP/1.1" 200 32 "-" "PostmanRuntime/7.30.0"
::1 - - [05/Feb/2023:07:58:44 +0000] "POST /api/v1/marketing/marketing HTTP/1.1" 200 32 "-" "PostmanRuntime/7.30.0"
::1 - - [05/Feb/2023:07:59:18 +0000] "POST /api/v1/marketing/marketing HTTP/1.1" 200 32 "-" "PostmanRuntime/7.30.0"
::ffff:192.168.1.56 - - [05/Feb/2023:07:59:24 +0000] "POST /api/v1/wallets/version HTTP/1.1" 200 47 "-" "okhttp/4.9.2"
::1 - - [05/Feb/2023:08:00:35 +0000] "POST /api/v1/marketing/marketing HTTP/1.1" 200 32 "-" "PostmanRuntime/7.30.0"
::ffff:192.168.1.56 - - [05/Feb/2023:08:00:40 +0000] "POST /api/v1/wallets/version HTTP/1.1" 200 47 "-" "okhttp/4.9.2"
::ffff:192.168.1.56 - - [05/Feb/2023:08:03:33 +0000] "POST /api/v1/wallets/version HTTP/1.1" 200 47 "-" "okhttp/4.9.2"
::ffff:192.168.1.56 - - [05/Feb/2023:08:03:36 +0000] "POST /api/v1/wallets/version HTTP/1.1" 200 47 "-" "okhttp/4.9.2"
::ffff:192.168.1.56 - - [05/Feb/2023:08:03:46 +0000] "POST /api/v1/wallets/version HTTP/1.1" 200 47 "-" "okhttp/4.9.2"
::ffff:192.168.1.56 - - [05/Feb/2023:08:03:46 +0000] "POST /api/v1/wallets/create HTTP/1.1" 200 487 "-" "okhttp/4.9.2"
::ffff:192.168.1.56 - - [05/Feb/2023:08:03:47 +0000] "POST /api/v1/transactions/wallet/63cc0d226c55f6d87d51ab19 HTTP/1.1" 200 53963 "-" "okhttp/4.9.2"
::1 - - [05/Feb/2023:08:03:54 +0000] "POST /api/v1/marketing/marketing HTTP/1.1" 200 32 "-" "PostmanRuntime/7.30.0"
::1 - - [05/Feb/2023:08:04:14 +0000] "POST /api/v1/marketing/marketing HTTP/1.1" 200 32 "-" "PostmanRuntime/7.30.0"
::ffff:192.168.1.56 - - [05/Feb/2023:08:04:19 +0000] "POST /api/v1/wallets/version HTTP/1.1" 200 47 "-" "okhttp/4.9.2"
::1 - - [05/Feb/2023:08:05:34 +0000] "POST /api/v1/marketing/marketing HTTP/1.1" 200 32 "-" "PostmanRuntime/7.30.0"
::ffff:192.168.1.56 - - [05/Feb/2023:08:05:38 +0000] "POST /api/v1/wallets/version HTTP/1.1" 200 47 "-" "okhttp/4.9.2"
::1 - - [05/Feb/2023:08:07:21 +0000] "POST /api/v1/marketing/marketing HTTP/1.1" 200 32 "-" "PostmanRuntime/7.30.0"
::1 - - [05/Feb/2023:08:07:47 +0000] "POST /api/v1/marketing/marketing HTTP/1.1" 200 32 "-" "PostmanRuntime/7.30.0"
::ffff:192.168.1.56 - - [05/Feb/2023:08:09:28 +0000] "POST /api/v1/wallets/version HTTP/1.1" 200 47 "-" "okhttp/4.9.2"
::ffff:192.168.1.56 - - [05/Feb/2023:08:09:34 +0000] "POST /api/v1/wallets/version HTTP/1.1" 200 47 "-" "okhttp/4.9.2"
::ffff:192.168.1.56 - - [05/Feb/2023:08:09:34 +0000] "POST /api/v1/wallets/create HTTP/1.1" 200 487 "-" "okhttp/4.9.2"
::ffff:192.168.1.56 - - [05/Feb/2023:08:09:35 +0000] "POST /api/v1/transactions/wallet/63cc0d226c55f6d87d51ab19 HTTP/1.1" 200 53963 "-" "okhttp/4.9.2"
::1 - - [05/Feb/2023:08:09:41 +0000] "POST /api/v1/marketing/marketing HTTP/1.1" 200 32 "-" "PostmanRuntime/7.30.0"
::1 - - [05/Feb/2023:08:09:50 +0000] "POST /api/v1/marketing/marketing HTTP/1.1" 200 32 "-" "PostmanRuntime/7.30.0"
::1 - - [05/Feb/2023:08:10:09 +0000] "POST /api/v1/marketing/marketing HTTP/1.1" 200 32 "-" "PostmanRuntime/7.30.0"
::ffff:192.168.1.56 - - [05/Feb/2023:08:10:13 +0000] "POST /api/v1/wallets/version HTTP/1.1" 200 47 "-" "okhttp/4.9.2"
::1 - - [05/Feb/2023:08:18:27 +0000] "POST /api/v1/marketing/marketing HTTP/1.1" 200 32 "-" "PostmanRuntime/7.30.0"
::1 - - [05/Feb/2023:08:18:34 +0000] "POST /api/v1/marketing/marketing HTTP/1.1" 200 32 "-" "PostmanRuntime/7.30.0"
::1 - - [05/Feb/2023:08:18:40 +0000] "POST /api/v1/marketing/marketing HTTP/1.1" 200 32 "-" "PostmanRuntime/7.30.0"
::1 - - [05/Feb/2023:08:18:49 +0000] "POST /api/v1/marketing/marketing HTTP/1.1" 200 32 "-" "PostmanRuntime/7.30.0"
::1 - - [05/Feb/2023:08:52:49 +0000] "POST /api/v1/marketing/get HTTP/1.1" - - "-" "PostmanRuntime/7.30.0"
::1 - - [05/Feb/2023:08:53:50 +0000] "POST /api/v1/marketing/get HTTP/1.1" 200 114 "-" "PostmanRuntime/7.30.0"
::1 - - [05/Feb/2023:08:55:56 +0000] "POST /api/v1/marketing/send HTTP/1.1" 404 161 "-" "PostmanRuntime/7.30.0"
::1 - - [05/Feb/2023:08:56:14 +0000] "POST /api/v1/marketing/sent HTTP/1.1" 200 32 "-" "PostmanRuntime/7.30.0"
::1 - - [05/Feb/2023:08:57:31 +0000] "POST /api/v1/marketing/sent HTTP/1.1" 200 32 "-" "PostmanRuntime/7.30.0"
::1 - - [05/Feb/2023:08:57:46 +0000] "POST /api/v1/marketing/sent HTTP/1.1" 200 32 "-" "PostmanRuntime/7.30.0"
::1 - - [05/Feb/2023:08:59:17 +0000] "POST /api/v1/marketing/sent HTTP/1.1" 200 32 "-" "PostmanRuntime/7.30.0"
::1 - - [05/Feb/2023:08:59:31 +0000] "POST /api/v1/marketing/sent HTTP/1.1" 200 32 "-" "PostmanRuntime/7.30.0"
::1 - - [05/Feb/2023:09:00:33 +0000] "POST /api/v1/marketing/sent HTTP/1.1" 200 32 "-" "PostmanRuntime/7.30.0"
::1 - - [05/Feb/2023:09:31:20 +0000] "POST /api/v1/marketing/sent HTTP/1.1" 200 32 "-" "PostmanRuntime/7.30.0"
::ffff:192.168.1.50 - - [05/Feb/2023:16:40:39 +0000] "POST /api/v1/wallets/version HTTP/1.1" 200 47 "-" "Expo/2.27.1.1016677 CFNetwork/1402.0.8 Darwin/22.2.0"
::ffff:192.168.1.50 - - [05/Feb/2023:16:40:50 +0000] "POST /api/v1/wallets/version HTTP/1.1" 200 47 "-" "Expo/2.27.1.1016677 CFNetwork/1402.0.8 Darwin/22.2.0"
::ffff:192.168.1.50 - - [05/Feb/2023:16:40:50 +0000] "POST /api/v1/wallets/create HTTP/1.1" 200 479 "-" "Expo/2.27.1.1016677 CFNetwork/1402.0.8 Darwin/22.2.0"
::ffff:192.168.1.50 - - [05/Feb/2023:16:40:51 +0000] "POST /api/v1/transactions/wallet/63cd5a157377d70bc3d6f51e HTTP/1.1" 200 26 "-" "Expo/2.27.1.1016677 CFNetwork/1402.0.8 Darwin/22.2.0"
::1 - - [05/Feb/2023:16:41:52 +0000] "POST /api/v1/marketing/sent HTTP/1.1" 200 32 "-" "PostmanRuntime/7.30.0"
::1 - - [05/Feb/2023:16:42:04 +0000] "POST /api/v1/marketing/sent HTTP/1.1" 200 32 "-" "PostmanRuntime/7.30.0"
::1 - - [05/Feb/2023:16:42:11 +0000] "POST /api/v1/marketing/sent HTTP/1.1" 200 32 "-" "PostmanRuntime/7.30.0"
::ffff:192.168.1.50 - - [05/Feb/2023:16:42:29 +0000] "POST /api/v1/wallets/version HTTP/1.1" 200 47 "-" "Expo/2.27.1.1016677 CFNetwork/1402.0.8 Darwin/22.2.0"
::ffff:192.168.1.50 - - [05/Feb/2023:16:42:33 +0000] "POST /api/v1/wallets/version HTTP/1.1" 200 47 "-" "Expo/2.27.1.1016677 CFNetwork/1402.0.8 Darwin/22.2.0"
::ffff:192.168.1.50 - - [05/Feb/2023:16:42:34 +0000] "POST /api/v1/wallets/create HTTP/1.1" 200 479 "-" "Expo/2.27.1.1016677 CFNetwork/1402.0.8 Darwin/22.2.0"
::ffff:192.168.1.50 - - [05/Feb/2023:16:42:34 +0000] "POST /api/v1/transactions/wallet/63cd5a157377d70bc3d6f51e HTTP/1.1" 200 26 "-" "Expo/2.27.1.1016677 CFNetwork/1402.0.8 Darwin/22.2.0"
::ffff:192.168.1.50 - - [05/Feb/2023:16:42:44 +0000] "POST /api/v1/wallets/my/63cd5a157377d70bc3d6f51e HTTP/1.1" 200 215 "-" "Expo/2.27.1.1016677 CFNetwork/1402.0.8 Darwin/22.2.0"
::ffff:192.168.1.50 - - [05/Feb/2023:16:42:44 +0000] "POST /api/v1/transactions/wallet/63cd5a157377d70bc3d6f51e HTTP/1.1" 200 26 "-" "Expo/2.27.1.1016677 CFNetwork/1402.0.8 Darwin/22.2.0"
::ffff:192.168.1.50 - - [05/Feb/2023:16:42:44 +0000] "POST /api/v1/transactions/wallet/63cd5a157377d70bc3d6f51e HTTP/1.1" 200 26 "-" "Expo/2.27.1.1016677 CFNetwork/1402.0.8 Darwin/22.2.0"
::ffff:192.168.1.50 - - [05/Feb/2023:16:44:01 +0000] "POST /api/v1/transactions/wallet/63cd5a157377d70bc3d6f51e HTTP/1.1" 200 26 "-" "Expo/2.27.1.1016677 CFNetwork/1402.0.8 Darwin/22.2.0"
::ffff:192.168.1.50 - - [05/Feb/2023:16:44:03 +0000] "POST /api/v1/wallets/my/63cd5a157377d70bc3d6f51e HTTP/1.1" 200 215 "-" "Expo/2.27.1.1016677 CFNetwork/1402.0.8 Darwin/22.2.0"
::ffff:192.168.1.50 - - [05/Feb/2023:16:44:03 +0000] "POST /api/v1/transactions/wallet/63cd5a157377d70bc3d6f51e HTTP/1.1" 200 26 "-" "Expo/2.27.1.1016677 CFNetwork/1402.0.8 Darwin/22.2.0"
::ffff:192.168.1.50 - - [05/Feb/2023:16:44:03 +0000] "POST /api/v1/transactions/wallet/63cd5a157377d70bc3d6f51e HTTP/1.1" 200 26 "-" "Expo/2.27.1.1016677 CFNetwork/1402.0.8 Darwin/22.2.0"
::ffff:192.168.1.50 - - [05/Feb/2023:16:44:48 +0000] "POST /api/v1/transactions/wallet/63cd5a157377d70bc3d6f51e HTTP/1.1" 200 26 "-" "Expo/2.27.1.1016677 CFNetwork/1402.0.8 Darwin/22.2.0"
::ffff:192.168.1.50 - - [05/Feb/2023:16:44:50 +0000] "POST /api/v1/wallets/my/63cd5a157377d70bc3d6f51e HTTP/1.1" 200 215 "-" "Expo/2.27.1.1016677 CFNetwork/1402.0.8 Darwin/22.2.0"
::ffff:192.168.1.50 - - [05/Feb/2023:16:44:50 +0000] "POST /api/v1/transactions/wallet/63cd5a157377d70bc3d6f51e HTTP/1.1" 200 26 "-" "Expo/2.27.1.1016677 CFNetwork/1402.0.8 Darwin/22.2.0"
::ffff:192.168.1.50 - - [05/Feb/2023:16:44:50 +0000] "POST /api/v1/transactions/wallet/63cd5a157377d70bc3d6f51e HTTP/1.1" 200 26 "-" "Expo/2.27.1.1016677 CFNetwork/1402.0.8 Darwin/22.2.0"
::ffff:192.168.1.50 - - [05/Feb/2023:16:44:56 +0000] "POST /api/v1/wallets/my/63cd5a157377d70bc3d6f51e HTTP/1.1" 200 215 "-" "Expo/2.27.1.1016677 CFNetwork/1402.0.8 Darwin/22.2.0"
::ffff:192.168.1.50 - - [05/Feb/2023:16:44:57 +0000] "POST /api/v1/transactions/wallet/63cd5a157377d70bc3d6f51e HTTP/1.1" 200 26 "-" "Expo/2.27.1.1016677 CFNetwork/1402.0.8 Darwin/22.2.0"
::ffff:192.168.1.50 - - [05/Feb/2023:16:44:57 +0000] "POST /api/v1/transactions/wallet/63cd5a157377d70bc3d6f51e HTTP/1.1" 200 26 "-" "Expo/2.27.1.1016677 CFNetwork/1402.0.8 Darwin/22.2.0"
::ffff:192.168.1.50 - - [05/Feb/2023:16:47:03 +0000] "POST /api/v1/wallets/my/63cd5a157377d70bc3d6f51e HTTP/1.1" 200 215 "-" "Expo/2.27.1.1016677 CFNetwork/1402.0.8 Darwin/22.2.0"
::ffff:192.168.1.50 - - [05/Feb/2023:16:47:03 +0000] "POST /api/v1/transactions/wallet/63cd5a157377d70bc3d6f51e HTTP/1.1" 200 26 "-" "Expo/2.27.1.1016677 CFNetwork/1402.0.8 Darwin/22.2.0"
::ffff:192.168.1.50 - - [05/Feb/2023:16:47:03 +0000] "POST /api/v1/transactions/wallet/63cd5a157377d70bc3d6f51e HTTP/1.1" 200 26 "-" "Expo/2.27.1.1016677 CFNetwork/1402.0.8 Darwin/22.2.0"
::ffff:192.168.1.50 - - [05/Feb/2023:16:47:06 +0000] "POST /api/v1/wallets/my/63cd5a157377d70bc3d6f51e HTTP/1.1" 200 215 "-" "Expo/2.27.1.1016677 CFNetwork/1402.0.8 Darwin/22.2.0"
::ffff:192.168.1.50 - - [05/Feb/2023:16:47:06 +0000] "POST /api/v1/transactions/wallet/63cd5a157377d70bc3d6f51e HTTP/1.1" 200 26 "-" "Expo/2.27.1.1016677 CFNetwork/1402.0.8 Darwin/22.2.0"
::ffff:192.168.1.50 - - [05/Feb/2023:16:47:07 +0000] "POST /api/v1/transactions/wallet/63cd5a157377d70bc3d6f51e HTTP/1.1" 200 26 "-" "Expo/2.27.1.1016677 CFNetwork/1402.0.8 Darwin/22.2.0"
::ffff:192.168.1.50 - - [05/Feb/2023:16:47:10 +0000] "POST /api/v1/wallets/my/63cd5a157377d70bc3d6f51e HTTP/1.1" 200 215 "-" "Expo/2.27.1.1016677 CFNetwork/1402.0.8 Darwin/22.2.0"
::ffff:192.168.1.50 - - [05/Feb/2023:16:47:10 +0000] "POST /api/v1/transactions/wallet/63cd5a157377d70bc3d6f51e HTTP/1.1" 200 26 "-" "Expo/2.27.1.1016677 CFNetwork/1402.0.8 Darwin/22.2.0"
::ffff:192.168.1.50 - - [05/Feb/2023:16:47:10 +0000] "POST /api/v1/transactions/wallet/63cd5a157377d70bc3d6f51e HTTP/1.1" 200 26 "-" "Expo/2.27.1.1016677 CFNetwork/1402.0.8 Darwin/22.2.0"
::ffff:192.168.1.50 - - [05/Feb/2023:16:53:46 +0000] "POST /api/v1/wallets/version HTTP/1.1" 200 47 "-" "Expo/2.27.1.1016677 CFNetwork/1402.0.8 Darwin/22.2.0"
::ffff:192.168.1.50 - - [05/Feb/2023:16:53:51 +0000] "POST /api/v1/wallets/version HTTP/1.1" 200 47 "-" "Expo/2.27.1.1016677 CFNetwork/1402.0.8 Darwin/22.2.0"
::ffff:192.168.1.50 - - [05/Feb/2023:16:53:51 +0000] "POST /api/v1/wallets/create HTTP/1.1" 200 479 "-" "Expo/2.27.1.1016677 CFNetwork/1402.0.8 Darwin/22.2.0"
::ffff:192.168.1.50 - - [05/Feb/2023:16:53:52 +0000] "POST /api/v1/transactions/wallet/63cd5a157377d70bc3d6f51e HTTP/1.1" 200 26 "-" "Expo/2.27.1.1016677 CFNetwork/1402.0.8 Darwin/22.2.0"
::ffff:192.168.1.50 - - [05/Feb/2023:16:53:55 +0000] "POST /api/v1/wallets/my/63cd5a157377d70bc3d6f51e HTTP/1.1" 200 215 "-" "Expo/2.27.1.1016677 CFNetwork/1402.0.8 Darwin/22.2.0"
::ffff:192.168.1.50 - - [05/Feb/2023:16:53:55 +0000] "POST /api/v1/transactions/wallet/63cd5a157377d70bc3d6f51e HTTP/1.1" 200 26 "-" "Expo/2.27.1.1016677 CFNetwork/1402.0.8 Darwin/22.2.0"
::ffff:192.168.1.50 - - [05/Feb/2023:16:53:55 +0000] "POST /api/v1/transactions/wallet/63cd5a157377d70bc3d6f51e HTTP/1.1" 200 26 "-" "Expo/2.27.1.1016677 CFNetwork/1402.0.8 Darwin/22.2.0"
::ffff:192.168.1.50 - - [05/Feb/2023:16:54:02 +0000] "POST /api/v1/wallets/my/63cd5a157377d70bc3d6f51e HTTP/1.1" 200 215 "-" "Expo/2.27.1.1016677 CFNetwork/1402.0.8 Darwin/22.2.0"
::ffff:192.168.1.50 - - [05/Feb/2023:16:54:02 +0000] "POST /api/v1/transactions/wallet/63cd5a157377d70bc3d6f51e HTTP/1.1" 200 26 "-" "Expo/2.27.1.1016677 CFNetwork/1402.0.8 Darwin/22.2.0"
::ffff:192.168.1.50 - - [05/Feb/2023:16:54:02 +0000] "POST /api/v1/transactions/wallet/63cd5a157377d70bc3d6f51e HTTP/1.1" 200 26 "-" "Expo/2.27.1.1016677 CFNetwork/1402.0.8 Darwin/22.2.0"
::ffff:192.168.1.50 - - [05/Feb/2023:16:54:05 +0000] "POST /api/v1/wallets/my/63cd5a157377d70bc3d6f51e HTTP/1.1" 200 215 "-" "Expo/2.27.1.1016677 CFNetwork/1402.0.8 Darwin/22.2.0"
::ffff:192.168.1.50 - - [05/Feb/2023:16:54:05 +0000] "POST /api/v1/transactions/wallet/63cd5a157377d70bc3d6f51e HTTP/1.1" 200 26 "-" "Expo/2.27.1.1016677 CFNetwork/1402.0.8 Darwin/22.2.0"
::ffff:192.168.1.50 - - [05/Feb/2023:16:54:06 +0000] "POST /api/v1/transactions/wallet/63cd5a157377d70bc3d6f51e HTTP/1.1" 200 26 "-" "Expo/2.27.1.1016677 CFNetwork/1402.0.8 Darwin/22.2.0"
::ffff:192.168.1.50 - - [05/Feb/2023:16:56:01 +0000] "POST /api/v1/wallets/my/63cd5a157377d70bc3d6f51e HTTP/1.1" 200 215 "-" "Expo/2.27.1.1016677 CFNetwork/1402.0.8 Darwin/22.2.0"
::ffff:192.168.1.50 - - [05/Feb/2023:16:56:01 +0000] "POST /api/v1/transactions/wallet/63cd5a157377d70bc3d6f51e HTTP/1.1" 200 26 "-" "Expo/2.27.1.1016677 CFNetwork/1402.0.8 Darwin/22.2.0"
::ffff:192.168.1.50 - - [05/Feb/2023:16:56:01 +0000] "POST /api/v1/transactions/wallet/63cd5a157377d70bc3d6f51e HTTP/1.1" 200 26 "-" "Expo/2.27.1.1016677 CFNetwork/1402.0.8 Darwin/22.2.0"
::ffff:192.168.1.50 - - [05/Feb/2023:16:56:04 +0000] "POST /api/v1/wallets/my/63cd5a157377d70bc3d6f51e HTTP/1.1" 200 215 "-" "Expo/2.27.1.1016677 CFNetwork/1402.0.8 Darwin/22.2.0"
::ffff:192.168.1.50 - - [05/Feb/2023:16:56:04 +0000] "POST /api/v1/transactions/wallet/63cd5a157377d70bc3d6f51e HTTP/1.1" 200 26 "-" "Expo/2.27.1.1016677 CFNetwork/1402.0.8 Darwin/22.2.0"
::ffff:192.168.1.50 - - [05/Feb/2023:16:56:04 +0000] "POST /api/v1/transactions/wallet/63cd5a157377d70bc3d6f51e HTTP/1.1" 200 26 "-" "Expo/2.27.1.1016677 CFNetwork/1402.0.8 Darwin/22.2.0"
::ffff:192.168.1.50 - - [05/Feb/2023:16:57:19 +0000] "POST /api/v1/wallets/version HTTP/1.1" 200 47 "-" "Expo/2.27.1.1016677 CFNetwork/1402.0.8 Darwin/22.2.0"
::ffff:192.168.1.50 - - [05/Feb/2023:16:59:07 +0000] "POST /api/v1/wallets/version HTTP/1.1" 200 47 "-" "Expo/2.27.1.1016677 CFNetwork/1402.0.8 Darwin/22.2.0"
::ffff:192.168.1.50 - - [05/Feb/2023:16:59:11 +0000] "POST /api/v1/wallets/version HTTP/1.1" 200 47 "-" "Expo/2.27.1.1016677 CFNetwork/1402.0.8 Darwin/22.2.0"
::ffff:192.168.1.50 - - [05/Feb/2023:16:59:11 +0000] "POST /api/v1/wallets/create HTTP/1.1" 200 479 "-" "Expo/2.27.1.1016677 CFNetwork/1402.0.8 Darwin/22.2.0"
::ffff:192.168.1.50 - - [05/Feb/2023:16:59:12 +0000] "POST /api/v1/transactions/wallet/63cd5a157377d70bc3d6f51e HTTP/1.1" 200 26 "-" "Expo/2.27.1.1016677 CFNetwork/1402.0.8 Darwin/22.2.0"
::ffff:192.168.1.50 - - [05/Feb/2023:16:59:22 +0000] "POST /api/v1/wallets/version HTTP/1.1" 200 47 "-" "Expo/2.27.1.1016677 CFNetwork/1402.0.8 Darwin/22.2.0"
::ffff:192.168.1.50 - - [05/Feb/2023:16:59:27 +0000] "POST /api/v1/wallets/version HTTP/1.1" 200 47 "-" "Expo/2.27.1.1016677 CFNetwork/1402.0.8 Darwin/22.2.0"
::ffff:192.168.1.50 - - [05/Feb/2023:16:59:29 +0000] "POST /api/v1/wallets/create HTTP/1.1" 481 109 "-" "Expo/2.27.1.1016677 CFNetwork/1402.0.8 Darwin/22.2.0"
::ffff:192.168.1.50 - - [05/Feb/2023:16:59:29 +0000] "POST /api/v1/wallets/version HTTP/1.1" 200 47 "-" "Expo/2.27.1.1016677 CFNetwork/1402.0.8 Darwin/22.2.0"
::ffff:192.168.1.50 - - [05/Feb/2023:16:59:49 +0000] "POST /api/v1/wallets/version HTTP/1.1" 200 47 "-" "Expo/2.27.1.1016677 CFNetwork/1402.0.8 Darwin/22.2.0"
::ffff:192.168.1.50 - - [05/Feb/2023:16:59:49 +0000] "POST /api/v1/wallets/login HTTP/1.1" 200 506 "-" "Expo/2.27.1.1016677 CFNetwork/1402.0.8 Darwin/22.2.0"
::ffff:192.168.1.50 - - [05/Feb/2023:16:59:51 +0000] "POST /api/v1/transactions/wallet/63cc0d226c55f6d87d51ab19 HTTP/1.1" 200 53963 "-" "Expo/2.27.1.1016677 CFNetwork/1402.0.8 Darwin/22.2.0"
::ffff:192.168.1.50 - - [05/Feb/2023:17:00:02 +0000] "POST /api/v1/wallets/my/63cc0d226c55f6d87d51ab19 HTTP/1.1" 200 223 "-" "Expo/2.27.1.1016677 CFNetwork/1402.0.8 Darwin/22.2.0"
::ffff:192.168.1.50 - - [05/Feb/2023:17:00:03 +0000] "POST /api/v1/transactions/wallet/63cc0d226c55f6d87d51ab19 HTTP/1.1" 200 53963 "-" "Expo/2.27.1.1016677 CFNetwork/1402.0.8 Darwin/22.2.0"
::ffff:192.168.1.50 - - [05/Feb/2023:17:00:03 +0000] "POST /api/v1/transactions/wallet/63cc0d226c55f6d87d51ab19 HTTP/1.1" 200 53963 "-" "Expo/2.27.1.1016677 CFNetwork/1402.0.8 Darwin/22.2.0"
::ffff:192.168.1.50 - - [05/Feb/2023:17:00:06 +0000] "POST /api/v1/wallets/my/63cc0d226c55f6d87d51ab19 HTTP/1.1" 200 223 "-" "Expo/2.27.1.1016677 CFNetwork/1402.0.8 Darwin/22.2.0"
::ffff:192.168.1.50 - - [05/Feb/2023:17:00:06 +0000] "POST /api/v1/transactions/wallet/63cc0d226c55f6d87d51ab19 HTTP/1.1" 200 53963 "-" "Expo/2.27.1.1016677 CFNetwork/1402.0.8 Darwin/22.2.0"
::ffff:192.168.1.50 - - [05/Feb/2023:17:00:06 +0000] "POST /api/v1/transactions/wallet/63cc0d226c55f6d87d51ab19 HTTP/1.1" 200 53963 "-" "Expo/2.27.1.1016677 CFNetwork/1402.0.8 Darwin/22.2.0"
::ffff:192.168.1.50 - - [05/Feb/2023:17:00:23 +0000] "POST /api/v1/wallets/my/63cc0d226c55f6d87d51ab19 HTTP/1.1" 200 223 "-" "Expo/2.27.1.1016677 CFNetwork/1402.0.8 Darwin/22.2.0"
::ffff:192.168.1.50 - - [05/Feb/2023:17:00:24 +0000] "POST /api/v1/transactions/wallet/63cc0d226c55f6d87d51ab19 HTTP/1.1" 200 53963 "-" "Expo/2.27.1.1016677 CFNetwork/1402.0.8 Darwin/22.2.0"
::ffff:192.168.1.50 - - [05/Feb/2023:17:00:24 +0000] "POST /api/v1/transactions/wallet/63cc0d226c55f6d87d51ab19 HTTP/1.1" 200 53963 "-" "Expo/2.27.1.1016677 CFNetwork/1402.0.8 Darwin/22.2.0"
::ffff:192.168.1.50 - - [05/Feb/2023:17:11:39 +0000] "POST /api/v1/wallets/version HTTP/1.1" 200 47 "-" "Expo/2.27.1.1016677 CFNetwork/1402.0.8 Darwin/22.2.0"
::ffff:192.168.1.50 - - [05/Feb/2023:17:12:26 +0000] "POST /api/v1/wallets/version HTTP/1.1" 200 47 "-" "Expo/2.27.1.1016677 CFNetwork/1402.0.8 Darwin/22.2.0"
::ffff:192.168.1.50 - - [05/Feb/2023:17:12:26 +0000] "POST /api/v1/wallets/create HTTP/1.1" 200 479 "-" "Expo/2.27.1.1016677 CFNetwork/1402.0.8 Darwin/22.2.0"
::ffff:192.168.1.50 - - [05/Feb/2023:17:12:36 +0000] "POST /api/v1/wallets/version HTTP/1.1" 200 47 "-" "Expo/2.27.1.1016677 CFNetwork/1402.0.8 Darwin/22.2.0"
::ffff:192.168.1.50 - - [05/Feb/2023:17:12:41 +0000] "POST /api/v1/wallets/version HTTP/1.1" 200 47 "-" "Expo/2.27.1.1016677 CFNetwork/1402.0.8 Darwin/22.2.0"
::ffff:192.168.1.50 - - [05/Feb/2023:17:12:41 +0000] "POST /api/v1/wallets/create HTTP/1.1" 200 479 "-" "Expo/2.27.1.1016677 CFNetwork/1402.0.8 Darwin/22.2.0"
::ffff:192.168.1.50 - - [05/Feb/2023:17:12:42 +0000] "POST /api/v1/transactions/wallet/63cd5a157377d70bc3d6f51e HTTP/1.1" 200 26 "-" "Expo/2.27.1.1016677 CFNetwork/1402.0.8 Darwin/22.2.0"
::ffff:192.168.1.50 - - [05/Feb/2023:17:13:09 +0000] "POST /api/v1/transactions/wallet/63cd5a157377d70bc3d6f51e HTTP/1.1" 200 26 "-" "Expo/2.27.1.1016677 CFNetwork/1402.0.8 Darwin/22.2.0"
::ffff:192.168.1.50 - - [05/Feb/2023:17:13:10 +0000] "POST /api/v1/wallets/my/63cd5a157377d70bc3d6f51e HTTP/1.1" 200 215 "-" "Expo/2.27.1.1016677 CFNetwork/1402.0.8 Darwin/22.2.0"
::ffff:192.168.1.50 - - [05/Feb/2023:17:13:10 +0000] "POST /api/v1/transactions/wallet/63cd5a157377d70bc3d6f51e HTTP/1.1" 200 26 "-" "Expo/2.27.1.1016677 CFNetwork/1402.0.8 Darwin/22.2.0"
::ffff:192.168.1.50 - - [05/Feb/2023:17:13:11 +0000] "POST /api/v1/transactions/wallet/63cd5a157377d70bc3d6f51e HTTP/1.1" 200 26 "-" "Expo/2.27.1.1016677 CFNetwork/1402.0.8 Darwin/22.2.0"
::ffff:192.168.1.50 - - [05/Feb/2023:17:13:14 +0000] "POST /api/v1/wallets/my/63cd5a157377d70bc3d6f51e HTTP/1.1" 200 215 "-" "Expo/2.27.1.1016677 CFNetwork/1402.0.8 Darwin/22.2.0"
::ffff:192.168.1.50 - - [05/Feb/2023:17:13:14 +0000] "POST /api/v1/transactions/wallet/63cd5a157377d70bc3d6f51e HTTP/1.1" 200 26 "-" "Expo/2.27.1.1016677 CFNetwork/1402.0.8 Darwin/22.2.0"
::ffff:192.168.1.50 - - [05/Feb/2023:17:13:14 +0000] "POST /api/v1/transactions/wallet/63cd5a157377d70bc3d6f51e HTTP/1.1" 200 26 "-" "Expo/2.27.1.1016677 CFNetwork/1402.0.8 Darwin/22.2.0"
::ffff:192.168.1.50 - - [05/Feb/2023:17:14:39 +0000] "POST /api/v1/wallets/version HTTP/1.1" 200 47 "-" "Expo/2.27.1.1016677 CFNetwork/1402.0.8 Darwin/22.2.0"
::ffff:192.168.1.50 - - [05/Feb/2023:17:14:43 +0000] "POST /api/v1/wallets/version HTTP/1.1" 200 47 "-" "Expo/2.27.1.1016677 CFNetwork/1402.0.8 Darwin/22.2.0"
::ffff:192.168.1.50 - - [05/Feb/2023:17:14:43 +0000] "POST /api/v1/wallets/create HTTP/1.1" 200 479 "-" "Expo/2.27.1.1016677 CFNetwork/1402.0.8 Darwin/22.2.0"
::ffff:192.168.1.50 - - [05/Feb/2023:17:14:44 +0000] "POST /api/v1/transactions/wallet/63cd5a157377d70bc3d6f51e HTTP/1.1" 200 26 "-" "Expo/2.27.1.1016677 CFNetwork/1402.0.8 Darwin/22.2.0"
::ffff:192.168.1.50 - - [05/Feb/2023:17:15:04 +0000] "POST /api/v1/transactions/wallet/63cd5a157377d70bc3d6f51e HTTP/1.1" 200 26 "-" "Expo/2.27.1.1016677 CFNetwork/1402.0.8 Darwin/22.2.0"
::ffff:192.168.1.50 - - [05/Feb/2023:17:15:05 +0000] "POST /api/v1/wallets/my/63cd5a157377d70bc3d6f51e HTTP/1.1" 200 215 "-" "Expo/2.27.1.1016677 CFNetwork/1402.0.8 Darwin/22.2.0"
::ffff:192.168.1.50 - - [05/Feb/2023:17:15:05 +0000] "POST /api/v1/transactions/wallet/63cd5a157377d70bc3d6f51e HTTP/1.1" 200 26 "-" "Expo/2.27.1.1016677 CFNetwork/1402.0.8 Darwin/22.2.0"
::ffff:192.168.1.50 - - [05/Feb/2023:17:15:05 +0000] "POST /api/v1/transactions/wallet/63cd5a157377d70bc3d6f51e HTTP/1.1" 200 26 "-" "Expo/2.27.1.1016677 CFNetwork/1402.0.8 Darwin/22.2.0"
::ffff:192.168.1.50 - - [05/Feb/2023:17:15:20 +0000] "POST /api/v1/transactions/wallet/63cd5a157377d70bc3d6f51e HTTP/1.1" 200 26 "-" "Expo/2.27.1.1016677 CFNetwork/1402.0.8 Darwin/22.2.0"
::ffff:192.168.1.50 - - [05/Feb/2023:17:16:19 +0000] "POST /api/v1/transactions/wallet/63cd5a157377d70bc3d6f51e HTTP/1.1" 200 26 "-" "Expo/2.27.1.1016677 CFNetwork/1402.0.8 Darwin/22.2.0"
::ffff:192.168.1.50 - - [05/Feb/2023:17:16:19 +0000] "POST /api/v1/wallets/my/63cd5a157377d70bc3d6f51e HTTP/1.1" 200 215 "-" "Expo/2.27.1.1016677 CFNetwork/1402.0.8 Darwin/22.2.0"
::ffff:192.168.1.50 - - [05/Feb/2023:17:16:19 +0000] "POST /api/v1/transactions/wallet/63cd5a157377d70bc3d6f51e HTTP/1.1" 200 26 "-" "Expo/2.27.1.1016677 CFNetwork/1402.0.8 Darwin/22.2.0"
::ffff:192.168.1.50 - - [05/Feb/2023:17:16:19 +0000] "POST /api/v1/transactions/wallet/63cd5a157377d70bc3d6f51e HTTP/1.1" 200 26 "-" "Expo/2.27.1.1016677 CFNetwork/1402.0.8 Darwin/22.2.0"
::ffff:192.168.1.50 - - [05/Feb/2023:17:16:23 +0000] "POST /api/v1/wallets/my/63cd5a157377d70bc3d6f51e HTTP/1.1" 200 215 "-" "Expo/2.27.1.1016677 CFNetwork/1402.0.8 Darwin/22.2.0"
::ffff:192.168.1.50 - - [05/Feb/2023:17:16:23 +0000] "POST /api/v1/transactions/wallet/63cd5a157377d70bc3d6f51e HTTP/1.1" 200 26 "-" "Expo/2.27.1.1016677 CFNetwork/1402.0.8 Darwin/22.2.0"
::ffff:192.168.1.50 - - [05/Feb/2023:17:16:23 +0000] "POST /api/v1/transactions/wallet/63cd5a157377d70bc3d6f51e HTTP/1.1" 200 26 "-" "Expo/2.27.1.1016677 CFNetwork/1402.0.8 Darwin/22.2.0"
::ffff:192.168.1.56 - - [05/Feb/2023:17:17:25 +0000] "POST /api/v1/wallets/version HTTP/1.1" 200 47 "-" "okhttp/4.9.2"
::ffff:192.168.1.56 - - [05/Feb/2023:17:17:28 +0000] "POST /api/v1/wallets/version HTTP/1.1" 200 47 "-" "okhttp/4.9.2"
::ffff:192.168.1.56 - - [05/Feb/2023:17:17:29 +0000] "POST /api/v1/wallets/create HTTP/1.1" 481 109 "-" "okhttp/4.9.2"
::ffff:192.168.1.56 - - [05/Feb/2023:17:17:30 +0000] "POST /api/v1/wallets/version HTTP/1.1" 200 47 "-" "okhttp/4.9.2"
::ffff:192.168.1.56 - - [05/Feb/2023:17:17:43 +0000] "POST /api/v1/wallets/version HTTP/1.1" 200 47 "-" "okhttp/4.9.2"
::ffff:192.168.1.56 - - [05/Feb/2023:17:17:44 +0000] "POST /api/v1/wallets/login HTTP/1.1" 200 506 "-" "okhttp/4.9.2"
::ffff:192.168.1.50 - - [05/Feb/2023:17:18:16 +0000] "POST /api/v1/transactions/wallet/63cd5a157377d70bc3d6f51e HTTP/1.1" 200 26 "-" "Expo/2.27.1.1016677 CFNetwork/1402.0.8 Darwin/22.2.0"
::ffff:192.168.1.56 - - [05/Feb/2023:17:18:16 +0000] "POST /api/v1/wallets/version HTTP/1.1" 200 47 "-" "okhttp/4.9.2"
::ffff:192.168.1.56 - - [05/Feb/2023:17:18:22 +0000] "POST /api/v1/wallets/version HTTP/1.1" 200 47 "-" "okhttp/4.9.2"
::ffff:192.168.1.56 - - [05/Feb/2023:17:18:22 +0000] "POST /api/v1/wallets/create HTTP/1.1" 200 487 "-" "okhttp/4.9.2"
::ffff:192.168.1.56 - - [05/Feb/2023:17:18:23 +0000] "POST /api/v1/transactions/wallet/63cc0d226c55f6d87d51ab19 HTTP/1.1" 200 53963 "-" "okhttp/4.9.2"
::ffff:192.168.1.56 - - [05/Feb/2023:17:18:26 +0000] "POST /api/v1/wallets/my/63cc0d226c55f6d87d51ab19 HTTP/1.1" 200 223 "-" "okhttp/4.9.2"
::ffff:192.168.1.56 - - [05/Feb/2023:17:18:26 +0000] "POST /api/v1/transactions/wallet/63cc0d226c55f6d87d51ab19 HTTP/1.1" 200 53963 "-" "okhttp/4.9.2"
::ffff:192.168.1.56 - - [05/Feb/2023:17:18:26 +0000] "POST /api/v1/transactions/wallet/63cc0d226c55f6d87d51ab19 HTTP/1.1" 200 53963 "-" "okhttp/4.9.2"
::ffff:192.168.1.50 - - [05/Feb/2023:17:18:29 +0000] "POST /api/v1/wallets/my/63cd5a157377d70bc3d6f51e HTTP/1.1" 200 215 "-" "Expo/2.27.1.1016677 CFNetwork/1402.0.8 Darwin/22.2.0"
::ffff:192.168.1.50 - - [05/Feb/2023:17:18:29 +0000] "POST /api/v1/transactions/wallet/63cd5a157377d70bc3d6f51e HTTP/1.1" 200 26 "-" "Expo/2.27.1.1016677 CFNetwork/1402.0.8 Darwin/22.2.0"
::ffff:192.168.1.50 - - [05/Feb/2023:17:18:29 +0000] "POST /api/v1/transactions/wallet/63cd5a157377d70bc3d6f51e HTTP/1.1" 200 26 "-" "Expo/2.27.1.1016677 CFNetwork/1402.0.8 Darwin/22.2.0"
::ffff:192.168.1.50 - - [05/Feb/2023:17:19:18 +0000] "POST /api/v1/transactions/wallet/63cd5a157377d70bc3d6f51e HTTP/1.1" 200 26 "-" "Expo/2.27.1.1016677 CFNetwork/1402.0.8 Darwin/22.2.0"
::ffff:192.168.1.56 - - [05/Feb/2023:17:19:18 +0000] "POST /api/v1/transactions/wallet/63cc0d226c55f6d87d51ab19 HTTP/1.1" 200 53963 "-" "okhttp/4.9.2"
::ffff:192.168.1.50 - - [05/Feb/2023:17:19:19 +0000] "POST /api/v1/wallets/my/63cd5a157377d70bc3d6f51e HTTP/1.1" 200 215 "-" "Expo/2.27.1.1016677 CFNetwork/1402.0.8 Darwin/22.2.0"
::ffff:192.168.1.50 - - [05/Feb/2023:17:19:19 +0000] "POST /api/v1/transactions/wallet/63cd5a157377d70bc3d6f51e HTTP/1.1" 200 26 "-" "Expo/2.27.1.1016677 CFNetwork/1402.0.8 Darwin/22.2.0"
::ffff:192.168.1.50 - - [05/Feb/2023:17:19:20 +0000] "POST /api/v1/transactions/wallet/63cd5a157377d70bc3d6f51e HTTP/1.1" 200 26 "-" "Expo/2.27.1.1016677 CFNetwork/1402.0.8 Darwin/22.2.0"
::ffff:192.168.1.50 - - [05/Feb/2023:17:19:22 +0000] "POST /api/v1/wallets/my/63cd5a157377d70bc3d6f51e HTTP/1.1" 200 215 "-" "Expo/2.27.1.1016677 CFNetwork/1402.0.8 Darwin/22.2.0"
::ffff:192.168.1.50 - - [05/Feb/2023:17:19:22 +0000] "POST /api/v1/transactions/wallet/63cd5a157377d70bc3d6f51e HTTP/1.1" 200 26 "-" "Expo/2.27.1.1016677 CFNetwork/1402.0.8 Darwin/22.2.0"
::ffff:192.168.1.50 - - [05/Feb/2023:17:19:22 +0000] "POST /api/v1/transactions/wallet/63cd5a157377d70bc3d6f51e HTTP/1.1" 200 26 "-" "Expo/2.27.1.1016677 CFNetwork/1402.0.8 Darwin/22.2.0"
::ffff:192.168.1.56 - - [05/Feb/2023:17:19:26 +0000] "POST /api/v1/wallets/my/63cc0d226c55f6d87d51ab19 HTTP/1.1" 200 223 "-" "okhttp/4.9.2"
::ffff:192.168.1.56 - - [05/Feb/2023:17:19:26 +0000] "POST /api/v1/transactions/wallet/63cc0d226c55f6d87d51ab19 HTTP/1.1" 200 53963 "-" "okhttp/4.9.2"
::ffff:192.168.1.56 - - [05/Feb/2023:17:19:26 +0000] "POST /api/v1/transactions/wallet/63cc0d226c55f6d87d51ab19 HTTP/1.1" 200 53963 "-" "okhttp/4.9.2"
::ffff:192.168.1.50 - - [05/Feb/2023:17:19:36 +0000] "POST /api/v1/transactions/wallet/63cd5a157377d70bc3d6f51e HTTP/1.1" 200 26 "-" "Expo/2.27.1.1016677 CFNetwork/1402.0.8 Darwin/22.2.0"
::ffff:192.168.1.50 - - [05/Feb/2023:17:19:36 +0000] "POST /api/v1/wallets/my/63cd5a157377d70bc3d6f51e HTTP/1.1" 200 215 "-" "Expo/2.27.1.1016677 CFNetwork/1402.0.8 Darwin/22.2.0"
::ffff:192.168.1.50 - - [05/Feb/2023:17:19:36 +0000] "POST /api/v1/transactions/wallet/63cd5a157377d70bc3d6f51e HTTP/1.1" 200 26 "-" "Expo/2.27.1.1016677 CFNetwork/1402.0.8 Darwin/22.2.0"
::ffff:192.168.1.50 - - [05/Feb/2023:17:19:36 +0000] "POST /api/v1/transactions/wallet/63cd5a157377d70bc3d6f51e HTTP/1.1" 200 26 "-" "Expo/2.27.1.1016677 CFNetwork/1402.0.8 Darwin/22.2.0"
::ffff:192.168.1.56 - - [05/Feb/2023:17:19:37 +0000] "POST /api/v1/transactions/wallet/63cc0d226c55f6d87d51ab19 HTTP/1.1" 200 53963 "-" "okhttp/4.9.2"
::ffff:192.168.1.50 - - [05/Feb/2023:17:19:41 +0000] "POST /api/v1/transactions/wallet/63cd5a157377d70bc3d6f51e HTTP/1.1" 200 26 "-" "Expo/2.27.1.1016677 CFNetwork/1402.0.8 Darwin/22.2.0"
::ffff:192.168.1.56 - - [05/Feb/2023:17:19:41 +0000] "POST /api/v1/transactions/wallet/63cc0d226c55f6d87d51ab19 HTTP/1.1" 200 53963 "-" "okhttp/4.9.2"
::ffff:192.168.1.50 - - [05/Feb/2023:17:19:42 +0000] "POST /api/v1/wallets/my/63cd5a157377d70bc3d6f51e HTTP/1.1" 200 215 "-" "Expo/2.27.1.1016677 CFNetwork/1402.0.8 Darwin/22.2.0"
::ffff:192.168.1.50 - - [05/Feb/2023:17:19:42 +0000] "POST /api/v1/transactions/wallet/63cd5a157377d70bc3d6f51e HTTP/1.1" 200 26 "-" "Expo/2.27.1.1016677 CFNetwork/1402.0.8 Darwin/22.2.0"
::ffff:192.168.1.50 - - [05/Feb/2023:17:19:42 +0000] "POST /api/v1/transactions/wallet/63cd5a157377d70bc3d6f51e HTTP/1.1" 200 26 "-" "Expo/2.27.1.1016677 CFNetwork/1402.0.8 Darwin/22.2.0"
::ffff:192.168.1.50 - - [05/Feb/2023:17:19:48 +0000] "POST /api/v1/wallets/my/63cd5a157377d70bc3d6f51e HTTP/1.1" 200 215 "-" "Expo/2.27.1.1016677 CFNetwork/1402.0.8 Darwin/22.2.0"
::ffff:192.168.1.50 - - [05/Feb/2023:17:19:48 +0000] "POST /api/v1/transactions/wallet/63cd5a157377d70bc3d6f51e HTTP/1.1" 200 26 "-" "Expo/2.27.1.1016677 CFNetwork/1402.0.8 Darwin/22.2.0"
::ffff:192.168.1.50 - - [05/Feb/2023:17:19:48 +0000] "POST /api/v1/transactions/wallet/63cd5a157377d70bc3d6f51e HTTP/1.1" 200 26 "-" "Expo/2.27.1.1016677 CFNetwork/1402.0.8 Darwin/22.2.0"
::ffff:192.168.1.50 - - [05/Feb/2023:17:22:07 +0000] "POST /api/v1/wallets/version HTTP/1.1" 200 47 "-" "Expo/2.27.1.1016677 CFNetwork/1402.0.8 Darwin/22.2.0"
::ffff:192.168.1.56 - - [05/Feb/2023:17:22:07 +0000] "POST /api/v1/wallets/version HTTP/1.1" 200 47 "-" "okhttp/4.9.2"
::ffff:192.168.1.56 - - [05/Feb/2023:17:22:14 +0000] "POST /api/v1/wallets/version HTTP/1.1" 200 47 "-" "okhttp/4.9.2"
::ffff:192.168.1.56 - - [05/Feb/2023:17:22:14 +0000] "POST /api/v1/wallets/create HTTP/1.1" 200 487 "-" "okhttp/4.9.2"
::ffff:192.168.1.56 - - [05/Feb/2023:17:22:15 +0000] "POST /api/v1/transactions/wallet/63cc0d226c55f6d87d51ab19 HTTP/1.1" 200 53963 "-" "okhttp/4.9.2"
::ffff:192.168.1.56 - - [05/Feb/2023:17:22:55 +0000] "POST /api/v1/wallets/my/63cc0d226c55f6d87d51ab19 HTTP/1.1" 200 223 "-" "okhttp/4.9.2"
::ffff:192.168.1.56 - - [05/Feb/2023:17:22:55 +0000] "POST /api/v1/transactions/wallet/63cc0d226c55f6d87d51ab19 HTTP/1.1" 200 53963 "-" "okhttp/4.9.2"
::ffff:192.168.1.56 - - [05/Feb/2023:17:22:55 +0000] "POST /api/v1/transactions/wallet/63cc0d226c55f6d87d51ab19 HTTP/1.1" 200 53963 "-" "okhttp/4.9.2"
::ffff:192.168.1.50 - - [05/Feb/2023:17:23:42 +0000] "POST /api/v1/wallets/version HTTP/1.1" 200 47 "-" "Expo/2.27.1.1016677 CFNetwork/1402.0.8 Darwin/22.2.0"
::ffff:192.168.1.50 - - [05/Feb/2023:17:23:53 +0000] "POST /api/v1/wallets/version HTTP/1.1" 200 47 "-" "Expo/2.27.1.1016677 CFNetwork/1402.0.8 Darwin/22.2.0"
::ffff:192.168.1.50 - - [05/Feb/2023:17:23:53 +0000] "POST /api/v1/wallets/create HTTP/1.1" 200 479 "-" "Expo/2.27.1.1016677 CFNetwork/1402.0.8 Darwin/22.2.0"
::ffff:192.168.1.50 - - [05/Feb/2023:17:23:54 +0000] "POST /api/v1/transactions/wallet/63cd5a157377d70bc3d6f51e HTTP/1.1" 200 26 "-" "Expo/2.27.1.1016677 CFNetwork/1402.0.8 Darwin/22.2.0"
::ffff:192.168.1.56 - - [05/Feb/2023:17:25:10 +0000] "POST /api/v1/wallets/version HTTP/1.1" 200 47 "-" "okhttp/4.9.2"
::ffff:192.168.1.50 - - [05/Feb/2023:17:25:31 +0000] "POST /api/v1/wallets/version HTTP/1.1" 200 47 "-" "Expo/2.27.1.1016677 CFNetwork/1402.0.8 Darwin/22.2.0"
::ffff:192.168.1.50 - - [05/Feb/2023:17:25:54 +0000] "POST /api/v1/wallets/version HTTP/1.1" 200 47 "-" "Expo/2.27.1.1016677 CFNetwork/1402.0.8 Darwin/22.2.0"
::ffff:192.168.1.50 - - [05/Feb/2023:17:25:55 +0000] "POST /api/v1/wallets/create HTTP/1.1" 481 109 "-" "Expo/2.27.1.1016677 CFNetwork/1402.0.8 Darwin/22.2.0"
::ffff:192.168.1.50 - - [05/Feb/2023:17:25:56 +0000] "POST /api/v1/wallets/version HTTP/1.1" 200 47 "-" "Expo/2.27.1.1016677 CFNetwork/1402.0.8 Darwin/22.2.0"
::ffff:192.168.1.56 - - [05/Feb/2023:17:25:57 +0000] "POST /api/v1/wallets/version HTTP/1.1" 200 47 "-" "okhttp/4.9.2"
::ffff:192.168.1.56 - - [05/Feb/2023:17:25:59 +0000] "POST /api/v1/wallets/create HTTP/1.1" 480 109 "-" "okhttp/4.9.2"
::ffff:192.168.1.56 - - [05/Feb/2023:17:25:59 +0000] "POST /api/v1/wallets/version HTTP/1.1" 200 47 "-" "okhttp/4.9.2"
::ffff:192.168.1.56 - - [05/Feb/2023:17:26:21 +0000] "POST /api/v1/wallets/version HTTP/1.1" 200 47 "-" "okhttp/4.9.2"
::ffff:192.168.1.56 - - [05/Feb/2023:17:26:22 +0000] "POST /api/v1/wallets/login HTTP/1.1" 485 137 "-" "okhttp/4.9.2"
::ffff:192.168.1.56 - - [05/Feb/2023:17:26:36 +0000] "POST /api/v1/wallets/version HTTP/1.1" 200 47 "-" "okhttp/4.9.2"
::ffff:192.168.1.56 - - [05/Feb/2023:17:26:36 +0000] "POST /api/v1/wallets/login HTTP/1.1" 200 506 "-" "okhttp/4.9.2"
::ffff:192.168.1.56 - - [05/Feb/2023:17:26:38 +0000] "POST /api/v1/transactions/wallet/63cc0d226c55f6d87d51ab19 HTTP/1.1" 200 53963 "-" "okhttp/4.9.2"
::ffff:192.168.1.56 - - [05/Feb/2023:17:26:43 +0000] "POST /api/v1/wallets/my/63cc0d226c55f6d87d51ab19 HTTP/1.1" 200 223 "-" "okhttp/4.9.2"
::ffff:192.168.1.56 - - [05/Feb/2023:17:26:43 +0000] "POST /api/v1/transactions/wallet/63cc0d226c55f6d87d51ab19 HTTP/1.1" 200 53963 "-" "okhttp/4.9.2"
::ffff:192.168.1.56 - - [05/Feb/2023:17:26:43 +0000] "POST /api/v1/transactions/wallet/63cc0d226c55f6d87d51ab19 HTTP/1.1" 200 53963 "-" "okhttp/4.9.2"
::ffff:192.168.1.50 - - [05/Feb/2023:17:27:05 +0000] "POST /api/v1/wallets/version HTTP/1.1" 200 47 "-" "Expo/2.27.1.1016677 CFNetwork/1402.0.8 Darwin/22.2.0"
::ffff:192.168.1.50 - - [05/Feb/2023:17:27:05 +0000] "POST /api/v1/wallets/login HTTP/1.1" 485 137 "-" "Expo/2.27.1.1016677 CFNetwork/1402.0.8 Darwin/22.2.0"
::1 - - [06/Feb/2023:11:48:30 +0000] "POST /api/v1/marketing/get HTTP/1.1" 500 57 "-" "PostmanRuntime/7.30.0"
::1 - - [06/Feb/2023:11:48:37 +0000] "POST /api/v1/marketing/get HTTP/1.1" 500 57 "-" "PostmanRuntime/7.30.0"
::1 - - [06/Feb/2023:11:49:03 +0000] "POST /api/v1/marketing/get HTTP/1.1" 200 114 "-" "PostmanRuntime/7.30.0"
::1 - - [06/Feb/2023:11:49:25 +0000] "POST /api/v1/marketing/get HTTP/1.1" 500 186 "-" "PostmanRuntime/7.30.0"
::1 - - [06/Feb/2023:11:51:22 +0000] "POST /api/v1/marketing/get HTTP/1.1" 400 55 "-" "PostmanRuntime/7.30.0"
::1 - - [06/Feb/2023:11:52:27 +0000] "POST /api/v1/marketing/get HTTP/1.1" 471 40 "-" "PostmanRuntime/7.30.0"
::1 - - [06/Feb/2023:11:59:27 +0000] "POST /api/v1/marketing/get HTTP/1.1" 471 40 "-" "PostmanRuntime/7.30.0"
::1 - - [06/Feb/2023:11:59:28 +0000] "POST /api/v1/marketing/get HTTP/1.1" 471 40 "-" "PostmanRuntime/7.30.0"
::1 - - [06/Feb/2023:12:00:18 +0000] "POST /api/v1/marketing/get HTTP/1.1" 471 40 "-" "PostmanRuntime/7.30.0"
::1 - - [06/Feb/2023:12:00:30 +0000] "POST /api/v1/marketing/get HTTP/1.1" 471 40 "-" "PostmanRuntime/7.30.0"
::1 - - [06/Feb/2023:12:00:39 +0000] "POST /api/v1/marketing/get HTTP/1.1" 500 51 "-" "PostmanRuntime/7.30.0"
::1 - - [06/Feb/2023:12:00:57 +0000] "POST /api/v1/marketing/get HTTP/1.1" 471 40 "-" "PostmanRuntime/7.30.0"
::1 - - [06/Feb/2023:12:01:01 +0000] "POST /api/v1/marketing/get HTTP/1.1" 471 40 "-" "PostmanRuntime/7.30.0"
::1 - - [06/Feb/2023:12:01:03 +0000] "POST /api/v1/marketing/get HTTP/1.1" 471 40 "-" "PostmanRuntime/7.30.0"
::1 - - [06/Feb/2023:12:01:39 +0000] "POST /api/v1/marketing/get HTTP/1.1" 471 40 "-" "PostmanRuntime/7.30.0"
::1 - - [06/Feb/2023:12:01:43 +0000] "POST /api/v1/marketing/get HTTP/1.1" 471 40 "-" "PostmanRuntime/7.30.0"
::1 - - [06/Feb/2023:12:01:53 +0000] "POST /api/v1/marketing/get HTTP/1.1" 471 40 "-" "PostmanRuntime/7.30.0"
::1 - - [06/Feb/2023:12:02:07 +0000] "POST /api/v1/marketing/get HTTP/1.1" 200 149 "-" "PostmanRuntime/7.30.0"
::1 - - [06/Feb/2023:12:02:08 +0000] "POST /api/v1/marketing/get HTTP/1.1" 200 149 "-" "PostmanRuntime/7.30.0"
::1 - - [06/Feb/2023:12:02:10 +0000] "POST /api/v1/marketing/get HTTP/1.1" 200 149 "-" "PostmanRuntime/7.30.0"
::1 - - [06/Feb/2023:12:02:10 +0000] "POST /api/v1/marketing/get HTTP/1.1" 200 149 "-" "PostmanRuntime/7.30.0"
::1 - - [06/Feb/2023:12:02:11 +0000] "POST /api/v1/marketing/get HTTP/1.1" 200 149 "-" "PostmanRuntime/7.30.0"
::1 - - [06/Feb/2023:12:02:11 +0000] "POST /api/v1/marketing/get HTTP/1.1" 200 149 "-" "PostmanRuntime/7.30.0"
::1 - - [06/Feb/2023:12:02:12 +0000] "POST /api/v1/marketing/get HTTP/1.1" 200 149 "-" "PostmanRuntime/7.30.0"
::1 - - [06/Feb/2023:12:02:12 +0000] "POST /api/v1/marketing/get HTTP/1.1" 200 149 "-" "PostmanRuntime/7.30.0"
::1 - - [06/Feb/2023:12:02:13 +0000] "POST /api/v1/marketing/get HTTP/1.1" 200 149 "-" "PostmanRuntime/7.30.0"
::1 - - [06/Feb/2023:12:02:13 +0000] "POST /api/v1/marketing/get HTTP/1.1" 200 149 "-" "PostmanRuntime/7.30.0"
::1 - - [06/Feb/2023:12:02:14 +0000] "POST /api/v1/marketing/get HTTP/1.1" 200 149 "-" "PostmanRuntime/7.30.0"
::1 - - [06/Feb/2023:12:02:14 +0000] "POST /api/v1/marketing/get HTTP/1.1" 200 149 "-" "PostmanRuntime/7.30.0"
::1 - - [06/Feb/2023:12:02:15 +0000] "POST /api/v1/marketing/get HTTP/1.1" 200 149 "-" "PostmanRuntime/7.30.0"
::1 - - [06/Feb/2023:12:02:15 +0000] "POST /api/v1/marketing/get HTTP/1.1" 200 149 "-" "PostmanRuntime/7.30.0"
::1 - - [06/Feb/2023:12:02:16 +0000] "POST /api/v1/marketing/get HTTP/1.1" 200 149 "-" "PostmanRuntime/7.30.0"
::1 - - [06/Feb/2023:12:02:16 +0000] "POST /api/v1/marketing/get HTTP/1.1" 200 149 "-" "PostmanRuntime/7.30.0"
::1 - - [06/Feb/2023:12:02:17 +0000] "POST /api/v1/marketing/get HTTP/1.1" 200 149 "-" "PostmanRuntime/7.30.0"
::1 - - [06/Feb/2023:12:02:17 +0000] "POST /api/v1/marketing/get HTTP/1.1" 200 149 "-" "PostmanRuntime/7.30.0"
::1 - - [06/Feb/2023:12:02:17 +0000] "POST /api/v1/marketing/get HTTP/1.1" 200 149 "-" "PostmanRuntime/7.30.0"
::1 - - [06/Feb/2023:12:02:18 +0000] "POST /api/v1/marketing/get HTTP/1.1" 200 149 "-" "PostmanRuntime/7.30.0"
::1 - - [06/Feb/2023:12:02:18 +0000] "POST /api/v1/marketing/get HTTP/1.1" 200 149 "-" "PostmanRuntime/7.30.0"
::1 - - [06/Feb/2023:12:02:19 +0000] "POST /api/v1/marketing/get HTTP/1.1" 200 149 "-" "PostmanRuntime/7.30.0"
::1 - - [06/Feb/2023:12:02:19 +0000] "POST /api/v1/marketing/get HTTP/1.1" 200 149 "-" "PostmanRuntime/7.30.0"
::1 - - [06/Feb/2023:12:02:20 +0000] "POST /api/v1/marketing/get HTTP/1.1" 200 149 "-" "PostmanRuntime/7.30.0"
::1 - - [06/Feb/2023:12:02:20 +0000] "POST /api/v1/marketing/get HTTP/1.1" 200 149 "-" "PostmanRuntime/7.30.0"
::1 - - [06/Feb/2023:12:02:21 +0000] "POST /api/v1/marketing/get HTTP/1.1" 200 149 "-" "PostmanRuntime/7.30.0"
::1 - - [06/Feb/2023:12:02:21 +0000] "POST /api/v1/marketing/get HTTP/1.1" 200 149 "-" "PostmanRuntime/7.30.0"
::1 - - [06/Feb/2023:12:02:21 +0000] "POST /api/v1/marketing/get HTTP/1.1" 200 149 "-" "PostmanRuntime/7.30.0"
::1 - - [06/Feb/2023:12:02:22 +0000] "POST /api/v1/marketing/get HTTP/1.1" 200 149 "-" "PostmanRuntime/7.30.0"
::1 - - [06/Feb/2023:12:02:22 +0000] "POST /api/v1/marketing/get HTTP/1.1" 200 149 "-" "PostmanRuntime/7.30.0"
::1 - - [06/Feb/2023:12:02:23 +0000] "POST /api/v1/marketing/get HTTP/1.1" 200 149 "-" "PostmanRuntime/7.30.0"
::1 - - [06/Feb/2023:12:02:23 +0000] "POST /api/v1/marketing/get HTTP/1.1" 200 149 "-" "PostmanRuntime/7.30.0"
::1 - - [06/Feb/2023:12:02:24 +0000] "POST /api/v1/marketing/get HTTP/1.1" 200 149 "-" "PostmanRuntime/7.30.0"
::1 - - [06/Feb/2023:12:02:31 +0000] "POST /api/v1/marketing/get HTTP/1.1" 200 149 "-" "PostmanRuntime/7.30.0"
::1 - - [06/Feb/2023:12:02:32 +0000] "POST /api/v1/marketing/get HTTP/1.1" 200 149 "-" "PostmanRuntime/7.30.0"
::1 - - [06/Feb/2023:12:02:33 +0000] "POST /api/v1/marketing/get HTTP/1.1" 200 149 "-" "PostmanRuntime/7.30.0"
::1 - - [06/Feb/2023:12:02:33 +0000] "POST /api/v1/marketing/get HTTP/1.1" 200 149 "-" "PostmanRuntime/7.30.0"
::1 - - [06/Feb/2023:12:02:34 +0000] "POST /api/v1/marketing/get HTTP/1.1" 200 149 "-" "PostmanRuntime/7.30.0"
::1 - - [06/Feb/2023:12:02:34 +0000] "POST /api/v1/marketing/get HTTP/1.1" 200 149 "-" "PostmanRuntime/7.30.0"
::1 - - [06/Feb/2023:12:02:34 +0000] "POST /api/v1/marketing/get HTTP/1.1" 200 149 "-" "PostmanRuntime/7.30.0"
::1 - - [06/Feb/2023:12:02:35 +0000] "POST /api/v1/marketing/get HTTP/1.1" 200 149 "-" "PostmanRuntime/7.30.0"
::1 - - [06/Feb/2023:12:02:36 +0000] "POST /api/v1/marketing/get HTTP/1.1" 200 149 "-" "PostmanRuntime/7.30.0"
::1 - - [06/Feb/2023:12:02:36 +0000] "POST /api/v1/marketing/get HTTP/1.1" 200 149 "-" "PostmanRuntime/7.30.0"
::1 - - [06/Feb/2023:12:02:37 +0000] "POST /api/v1/marketing/get HTTP/1.1" 200 149 "-" "PostmanRuntime/7.30.0"
::1 - - [06/Feb/2023:12:02:37 +0000] "POST /api/v1/marketing/get HTTP/1.1" 200 149 "-" "PostmanRuntime/7.30.0"
::1 - - [06/Feb/2023:12:02:37 +0000] "POST /api/v1/marketing/get HTTP/1.1" 200 149 "-" "PostmanRuntime/7.30.0"
::1 - - [06/Feb/2023:12:02:38 +0000] "POST /api/v1/marketing/get HTTP/1.1" 200 149 "-" "PostmanRuntime/7.30.0"
::1 - - [06/Feb/2023:12:02:38 +0000] "POST /api/v1/marketing/get HTTP/1.1" 200 149 "-" "PostmanRuntime/7.30.0"
::1 - - [06/Feb/2023:12:02:39 +0000] "POST /api/v1/marketing/get HTTP/1.1" 200 149 "-" "PostmanRuntime/7.30.0"
::1 - - [06/Feb/2023:12:02:39 +0000] "POST /api/v1/marketing/get HTTP/1.1" 200 149 "-" "PostmanRuntime/7.30.0"
::1 - - [06/Feb/2023:12:02:40 +0000] "POST /api/v1/marketing/get HTTP/1.1" 200 149 "-" "PostmanRuntime/7.30.0"
::1 - - [06/Feb/2023:12:02:40 +0000] "POST /api/v1/marketing/get HTTP/1.1" 200 149 "-" "PostmanRuntime/7.30.0"
::1 - - [06/Feb/2023:12:02:41 +0000] "POST /api/v1/marketing/get HTTP/1.1" 200 149 "-" "PostmanRuntime/7.30.0"
::1 - - [06/Feb/2023:12:02:41 +0000] "POST /api/v1/marketing/get HTTP/1.1" 200 149 "-" "PostmanRuntime/7.30.0"
::1 - - [06/Feb/2023:12:02:41 +0000] "POST /api/v1/marketing/get HTTP/1.1" 200 149 "-" "PostmanRuntime/7.30.0"
::1 - - [06/Feb/2023:12:02:42 +0000] "POST /api/v1/marketing/get HTTP/1.1" 200 149 "-" "PostmanRuntime/7.30.0"
::1 - - [06/Feb/2023:12:02:43 +0000] "POST /api/v1/marketing/get HTTP/1.1" 200 149 "-" "PostmanRuntime/7.30.0"
::1 - - [06/Feb/2023:12:02:44 +0000] "POST /api/v1/marketing/get HTTP/1.1" 200 149 "-" "PostmanRuntime/7.30.0"
::1 - - [06/Feb/2023:12:02:45 +0000] "POST /api/v1/marketing/get HTTP/1.1" 200 149 "-" "PostmanRuntime/7.30.0"
::1 - - [06/Feb/2023:12:02:46 +0000] "POST /api/v1/marketing/get HTTP/1.1" 200 149 "-" "PostmanRuntime/7.30.0"
::1 - - [06/Feb/2023:12:02:46 +0000] "POST /api/v1/marketing/get HTTP/1.1" 200 149 "-" "PostmanRuntime/7.30.0"
::1 - - [06/Feb/2023:12:02:47 +0000] "POST /api/v1/marketing/get HTTP/1.1" 200 149 "-" "PostmanRuntime/7.30.0"
::1 - - [06/Feb/2023:12:02:47 +0000] "POST /api/v1/marketing/get HTTP/1.1" 200 149 "-" "PostmanRuntime/7.30.0"
::1 - - [06/Feb/2023:12:02:48 +0000] "POST /api/v1/marketing/get HTTP/1.1" 200 149 "-" "PostmanRuntime/7.30.0"
::1 - - [06/Feb/2023:12:02:48 +0000] "POST /api/v1/marketing/get HTTP/1.1" 200 149 "-" "PostmanRuntime/7.30.0"
::1 - - [06/Feb/2023:12:02:48 +0000] "POST /api/v1/marketing/get HTTP/1.1" 200 149 "-" "PostmanRuntime/7.30.0"
::1 - - [06/Feb/2023:12:02:49 +0000] "POST /api/v1/marketing/get HTTP/1.1" 200 149 "-" "PostmanRuntime/7.30.0"
::1 - - [06/Feb/2023:12:02:49 +0000] "POST /api/v1/marketing/get HTTP/1.1" 200 149 "-" "PostmanRuntime/7.30.0"
