::ffff:192.168.1.26 - - [03/Jun/2022:09:49:19 +0000] "POST /api/v1/transactions/list/universal HTTP/1.1" 200 3739 "-" "okhttp/4.9.2"
::ffff:192.168.1.26 - - [03/Jun/2022:09:49:38 +0000] "POST /api/v1/transactions/list/universal HTTP/1.1" 200 3739 "-" "okhttp/4.9.2"
::ffff:192.168.1.26 - - [03/Jun/2022:09:49:49 +0000] "POST /api/v1/transactions/bonus/salary HTTP/1.1" 200 212 "-" "okhttp/4.9.2"
::ffff:127.0.0.1 - - [03/Jun/2022:09:50:00 +0000] "POST /api/v1/transactions/ecosystem HTTP/1.1" 200 33 "-" "axios/0.27.2"
::ffff:192.168.1.26 - - [03/Jun/2022:09:50:44 +0000] "POST /api/v1/transactions/bonus/salary HTTP/1.1" 200 212 "-" "okhttp/4.9.2"
::ffff:192.168.1.26 - - [03/Jun/2022:09:50:55 +0000] "POST /api/v1/transactions/bonus/salary HTTP/1.1" 200 212 "-" "okhttp/4.9.2"
::ffff:127.0.0.1 - - [03/Jun/2022:09:51:00 +0000] "POST /api/v1/transactions/ecosystem HTTP/1.1" 200 33 "-" "axios/0.27.2"
::ffff:127.0.0.1 - - [03/Jun/2022:09:52:00 +0000] "POST /api/v1/transactions/ecosystem HTTP/1.1" 200 33 "-" "axios/0.27.2"
::ffff:192.168.1.26 - - [03/Jun/2022:09:52:04 +0000] "POST /api/v1/transactions/bonus/salary HTTP/1.1" 200 212 "-" "okhttp/4.9.2"
::ffff:127.0.0.1 - - [03/Jun/2022:09:53:00 +0000] "POST /api/v1/transactions/ecosystem HTTP/1.1" 200 33 "-" "axios/0.27.2"
::ffff:192.168.1.26 - - [03/Jun/2022:09:53:22 +0000] "POST /api/v1/transactions/bonus/salary HTTP/1.1" 200 212 "-" "okhttp/4.9.2"
::ffff:127.0.0.1 - - [03/Jun/2022:09:54:00 +0000] "POST /api/v1/transactions/ecosystem HTTP/1.1" 200 33 "-" "axios/0.27.2"
::ffff:127.0.0.1 - - [03/Jun/2022:09:55:00 +0000] "POST /api/v1/transactions/ecosystem HTTP/1.1" 200 33 "-" "axios/0.27.2"
::ffff:127.0.0.1 - - [03/Jun/2022:09:56:01 +0000] "POST /api/v1/transactions/ecosystem HTTP/1.1" 200 33 "-" "axios/0.27.2"
::ffff:192.168.1.26 - - [03/Jun/2022:09:56:34 +0000] "POST /api/v1/wallets/login HTTP/1.1" 200 504 "-" "okhttp/4.9.2"
::ffff:192.168.1.26 - - [03/Jun/2022:09:56:34 +0000] "POST /api/v1/transactions/wallet/62878c857533ce26b629efae HTTP/1.1" 200 17095 "-" "okhttp/4.9.2"
::ffff:127.0.0.1 - - [03/Jun/2022:09:57:00 +0000] "POST /api/v1/transactions/ecosystem HTTP/1.1" 200 33 "-" "axios/0.27.2"
::ffff:192.168.1.26 - - [03/Jun/2022:09:57:59 +0000] "POST /api/v1/transactions/list/universal HTTP/1.1" 200 7568 "-" "okhttp/4.9.2"
::ffff:127.0.0.1 - - [03/Jun/2022:09:58:00 +0000] "POST /api/v1/transactions/ecosystem HTTP/1.1" 200 33 "-" "axios/0.27.2"
::ffff:192.168.1.26 - - [03/Jun/2022:09:58:16 +0000] "POST /api/v1/transactions/list/universal HTTP/1.1" 200 9155 "-" "okhttp/4.9.2"
::ffff:192.168.1.26 - - [03/Jun/2022:09:58:26 +0000] "POST /api/v1/transactions/bonus/salary HTTP/1.1" 200 212 "-" "okhttp/4.9.2"
::ffff:127.0.0.1 - - [03/Jun/2022:09:59:01 +0000] "POST /api/v1/transactions/ecosystem HTTP/1.1" 200 33 "-" "axios/0.27.2"
::ffff:127.0.0.1 - - [03/Jun/2022:10:00:00 +0000] "POST /api/v1/transactions/ecosystem HTTP/1.1" 200 33 "-" "axios/0.27.2"
::ffff:127.0.0.1 - - [03/Jun/2022:10:01:00 +0000] "POST /api/v1/transactions/ecosystem HTTP/1.1" 200 33 "-" "axios/0.27.2"
::ffff:192.168.1.26 - - [03/Jun/2022:10:01:37 +0000] "POST /api/v1/transactions/bonus/salary HTTP/1.1" 200 212 "-" "okhttp/4.9.2"
::ffff:127.0.0.1 - - [03/Jun/2022:10:02:01 +0000] "POST /api/v1/transactions/ecosystem HTTP/1.1" 200 33 "-" "axios/0.27.2"
::ffff:192.168.1.26 - - [03/Jun/2022:10:02:53 +0000] "POST /api/v1/wallets/login HTTP/1.1" 200 504 "-" "okhttp/4.9.2"
::ffff:192.168.1.26 - - [03/Jun/2022:10:02:54 +0000] "POST /api/v1/transactions/wallet/62878c857533ce26b629efae HTTP/1.1" 200 17095 "-" "okhttp/4.9.2"
::ffff:127.0.0.1 - - [03/Jun/2022:10:03:00 +0000] "POST /api/v1/transactions/ecosystem HTTP/1.1" 200 33 "-" "axios/0.27.2"
::ffff:192.168.1.26 - - [03/Jun/2022:10:03:07 +0000] "POST /api/v1/transactions/bonus/salary HTTP/1.1" 200 212 "-" "okhttp/4.9.2"
::ffff:127.0.0.1 - - [03/Jun/2022:10:04:00 +0000] "POST /api/v1/transactions/ecosystem HTTP/1.1" 200 33 "-" "axios/0.27.2"
::ffff:127.0.0.1 - - [03/Jun/2022:10:05:00 +0000] "POST /api/v1/transactions/ecosystem HTTP/1.1" 200 33 "-" "axios/0.27.2"
::ffff:127.0.0.1 - - [03/Jun/2022:10:06:00 +0000] "POST /api/v1/transactions/ecosystem HTTP/1.1" 200 33 "-" "axios/0.27.2"
::ffff:127.0.0.1 - - [03/Jun/2022:10:07:01 +0000] "POST /api/v1/transactions/ecosystem HTTP/1.1" 200 33 "-" "axios/0.27.2"
::ffff:127.0.0.1 - - [03/Jun/2022:10:08:00 +0000] "POST /api/v1/transactions/ecosystem HTTP/1.1" 200 33 "-" "axios/0.27.2"
::ffff:127.0.0.1 - - [03/Jun/2022:10:09:00 +0000] "POST /api/v1/transactions/ecosystem HTTP/1.1" 200 33 "-" "axios/0.27.2"
::ffff:127.0.0.1 - - [03/Jun/2022:10:10:01 +0000] "POST /api/v1/transactions/ecosystem HTTP/1.1" 200 33 "-" "axios/0.27.2"
::ffff:127.0.0.1 - - [03/Jun/2022:10:11:00 +0000] "POST /api/v1/transactions/ecosystem HTTP/1.1" 200 33 "-" "axios/0.27.2"
::ffff:127.0.0.1 - - [03/Jun/2022:10:12:00 +0000] "POST /api/v1/transactions/ecosystem HTTP/1.1" 200 33 "-" "axios/0.27.2"
::ffff:127.0.0.1 - - [03/Jun/2022:10:13:01 +0000] "POST /api/v1/transactions/ecosystem HTTP/1.1" 200 33 "-" "axios/0.27.2"
::ffff:192.168.1.26 - - [03/Jun/2022:10:13:45 +0000] "POST /api/v1/wallets/login HTTP/1.1" 200 504 "-" "okhttp/4.9.2"
::ffff:192.168.1.26 - - [03/Jun/2022:10:13:45 +0000] "POST /api/v1/transactions/wallet/62878c857533ce26b629efae HTTP/1.1" 200 17095 "-" "okhttp/4.9.2"
::ffff:192.168.1.26 - - [03/Jun/2022:10:13:59 +0000] "POST /api/v1/transactions/bonus/salary HTTP/1.1" 200 212 "-" "okhttp/4.9.2"
::ffff:127.0.0.1 - - [03/Jun/2022:10:14:00 +0000] "POST /api/v1/transactions/ecosystem HTTP/1.1" 200 33 "-" "axios/0.27.2"
::ffff:127.0.0.1 - - [03/Jun/2022:10:15:00 +0000] "POST /api/v1/transactions/ecosystem HTTP/1.1" 200 33 "-" "axios/0.27.2"
::ffff:127.0.0.1 - - [03/Jun/2022:10:16:00 +0000] "POST /api/v1/transactions/ecosystem HTTP/1.1" 200 33 "-" "axios/0.27.2"
::ffff:127.0.0.1 - - [03/Jun/2022:10:17:00 +0000] "POST /api/v1/transactions/ecosystem HTTP/1.1" 200 33 "-" "axios/0.27.2"
::ffff:127.0.0.1 - - [03/Jun/2022:10:18:00 +0000] "POST /api/v1/transactions/ecosystem HTTP/1.1" 200 33 "-" "axios/0.27.2"
::ffff:127.0.0.1 - - [03/Jun/2022:10:19:01 +0000] "POST /api/v1/transactions/ecosystem HTTP/1.1" 200 33 "-" "axios/0.27.2"
::ffff:127.0.0.1 - - [03/Jun/2022:10:20:00 +0000] "POST /api/v1/transactions/ecosystem HTTP/1.1" 200 33 "-" "axios/0.27.2"
::ffff:127.0.0.1 - - [03/Jun/2022:10:21:00 +0000] "POST /api/v1/transactions/ecosystem HTTP/1.1" 200 33 "-" "axios/0.27.2"
::ffff:192.168.1.26 - - [03/Jun/2022:10:21:30 +0000] "POST /api/v1/transactions/bonus/salary HTTP/1.1" 200 212 "-" "okhttp/4.9.2"
::ffff:192.168.1.26 - - [03/Jun/2022:10:21:33 +0000] "POST /api/v1/transactions/bonus/salary HTTP/1.1" 200 212 "-" "okhttp/4.9.2"
::ffff:192.168.1.26 - - [03/Jun/2022:10:21:43 +0000] "POST /api/v1/transactions/bonus/salary HTTP/1.1" 200 212 "-" "okhttp/4.9.2"
::ffff:192.168.1.26 - - [03/Jun/2022:10:21:52 +0000] "POST /api/v1/transactions/bonus/salary HTTP/1.1" 200 212 "-" "okhttp/4.9.2"
::ffff:127.0.0.1 - - [03/Jun/2022:10:22:01 +0000] "POST /api/v1/transactions/ecosystem HTTP/1.1" 200 33 "-" "axios/0.27.2"
::ffff:192.168.1.26 - - [03/Jun/2022:10:22:08 +0000] "POST /api/v1/transactions/bonus/salary HTTP/1.1" 200 212 "-" "okhttp/4.9.2"
::ffff:192.168.1.26 - - [03/Jun/2022:10:22:16 +0000] "POST /api/v1/transactions/bonus/salary HTTP/1.1" 200 212 "-" "okhttp/4.9.2"
::ffff:192.168.1.26 - - [03/Jun/2022:10:22:31 +0000] "POST /api/v1/wallets/login HTTP/1.1" 200 504 "-" "okhttp/4.9.2"
::ffff:192.168.1.26 - - [03/Jun/2022:10:22:31 +0000] "POST /api/v1/transactions/wallet/62878c857533ce26b629efae HTTP/1.1" 200 17095 "-" "okhttp/4.9.2"
::ffff:192.168.1.26 - - [03/Jun/2022:10:22:45 +0000] "POST /api/v1/transactions/bonus/salary HTTP/1.1" 200 212 "-" "okhttp/4.9.2"
::ffff:192.168.1.26 - - [03/Jun/2022:10:22:51 +0000] "POST /api/v1/transactions/bonus/salary HTTP/1.1" 200 212 "-" "okhttp/4.9.2"
::ffff:127.0.0.1 - - [03/Jun/2022:10:23:00 +0000] "POST /api/v1/transactions/ecosystem HTTP/1.1" 200 33 "-" "axios/0.27.2"
::ffff:192.168.1.26 - - [03/Jun/2022:10:23:14 +0000] "POST /api/v1/transactions/bonus/salary HTTP/1.1" 200 212 "-" "okhttp/4.9.2"
::ffff:192.168.1.26 - - [03/Jun/2022:10:23:38 +0000] "POST /api/v1/transactions/bonus/salary HTTP/1.1" 200 212 "-" "okhttp/4.9.2"
::ffff:127.0.0.1 - - [03/Jun/2022:10:24:00 +0000] "POST /api/v1/transactions/ecosystem HTTP/1.1" 200 33 "-" "axios/0.27.2"
::ffff:192.168.1.26 - - [03/Jun/2022:10:24:12 +0000] "POST /api/v1/transactions/bonus/salary HTTP/1.1" 200 212 "-" "okhttp/4.9.2"
::ffff:192.168.1.26 - - [03/Jun/2022:10:24:16 +0000] "POST /api/v1/transactions/bonus/salary HTTP/1.1" 200 212 "-" "okhttp/4.9.2"
::ffff:127.0.0.1 - - [03/Jun/2022:10:25:00 +0000] "POST /api/v1/transactions/ecosystem HTTP/1.1" 200 33 "-" "axios/0.27.2"
::ffff:192.168.1.26 - - [03/Jun/2022:10:25:16 +0000] "POST /api/v1/transactions/bonus/salary HTTP/1.1" 200 212 "-" "okhttp/4.9.2"
::ffff:192.168.1.26 - - [03/Jun/2022:10:25:19 +0000] "POST /api/v1/transactions/bonus/salary HTTP/1.1" 200 212 "-" "okhttp/4.9.2"
::ffff:127.0.0.1 - - [03/Jun/2022:10:26:00 +0000] "POST /api/v1/transactions/ecosystem HTTP/1.1" 200 33 "-" "axios/0.27.2"
::ffff:127.0.0.1 - - [03/Jun/2022:10:27:00 +0000] "POST /api/v1/transactions/ecosystem HTTP/1.1" 200 33 "-" "axios/0.27.2"
::ffff:127.0.0.1 - - [03/Jun/2022:10:28:00 +0000] "POST /api/v1/transactions/ecosystem HTTP/1.1" 200 33 "-" "axios/0.27.2"
::ffff:127.0.0.1 - - [03/Jun/2022:10:29:00 +0000] "POST /api/v1/transactions/ecosystem HTTP/1.1" 200 33 "-" "axios/0.27.2"
::ffff:127.0.0.1 - - [03/Jun/2022:10:30:01 +0000] "POST /api/v1/transactions/ecosystem HTTP/1.1" 200 33 "-" "axios/0.27.2"
::ffff:192.168.1.45 - - [03/Jun/2022:10:30:56 +0000] "POST /api/v1/wallets/login HTTP/1.1" 200 504 "-" "okhttp/4.9.2"
::ffff:192.168.1.45 - - [03/Jun/2022:10:30:56 +0000] "POST /api/v1/transactions/wallet/62878c857533ce26b629efae HTTP/1.1" 200 17095 "-" "okhttp/4.9.2"
::ffff:127.0.0.1 - - [03/Jun/2022:10:31:00 +0000] "POST /api/v1/transactions/ecosystem HTTP/1.1" 200 33 "-" "axios/0.27.2"
::ffff:192.168.1.45 - - [03/Jun/2022:10:31:07 +0000] "POST /api/v1/transactions/bonus/salary HTTP/1.1" 200 212 "-" "okhttp/4.9.2"
::ffff:192.168.1.45 - - [03/Jun/2022:10:31:09 +0000] "POST /api/v1/transactions/bonus/salary HTTP/1.1" 200 212 "-" "okhttp/4.9.2"
::ffff:127.0.0.1 - - [03/Jun/2022:10:32:00 +0000] "POST /api/v1/transactions/ecosystem HTTP/1.1" 200 33 "-" "axios/0.27.2"
::ffff:192.168.1.45 - - [03/Jun/2022:10:32:36 +0000] "POST /api/v1/transactions/bonus/salary HTTP/1.1" 200 212 "-" "okhttp/4.9.2"
::ffff:192.168.1.45 - - [03/Jun/2022:10:32:37 +0000] "POST /api/v1/transactions/bonus/salary HTTP/1.1" 200 212 "-" "okhttp/4.9.2"
::ffff:127.0.0.1 - - [03/Jun/2022:10:33:01 +0000] "POST /api/v1/transactions/ecosystem HTTP/1.1" 200 33 "-" "axios/0.27.2"
::ffff:192.168.1.45 - - [03/Jun/2022:10:33:24 +0000] "POST /api/v1/transactions/list/universal HTTP/1.1" 200 7568 "-" "okhttp/4.9.2"
::ffff:127.0.0.1 - - [03/Jun/2022:10:34:00 +0000] "POST /api/v1/transactions/ecosystem HTTP/1.1" 200 33 "-" "axios/0.27.2"
::ffff:192.168.1.26 - - [03/Jun/2022:10:34:47 +0000] "POST /api/v1/transactions/list/universal HTTP/1.1" 200 7568 "-" "okhttp/4.9.2"
::ffff:127.0.0.1 - - [03/Jun/2022:10:35:00 +0000] "POST /api/v1/transactions/ecosystem HTTP/1.1" 200 33 "-" "axios/0.27.2"
::ffff:192.168.1.26 - - [03/Jun/2022:10:35:32 +0000] "POST /api/v1/transactions/list/universal HTTP/1.1" 200 8309 "-" "okhttp/4.9.2"
::ffff:192.168.1.26 - - [03/Jun/2022:10:35:45 +0000] "POST /api/v1/transactions/list/universal HTTP/1.1" 200 3739 "-" "okhttp/4.9.2"
::ffff:127.0.0.1 - - [03/Jun/2022:10:36:00 +0000] "POST /api/v1/transactions/ecosystem HTTP/1.1" 200 33 "-" "axios/0.27.2"
::ffff:127.0.0.1 - - [03/Jun/2022:10:37:00 +0000] "POST /api/v1/transactions/ecosystem HTTP/1.1" 200 33 "-" "axios/0.27.2"
::ffff:127.0.0.1 - - [03/Jun/2022:10:38:01 +0000] "POST /api/v1/transactions/ecosystem HTTP/1.1" 200 33 "-" "axios/0.27.2"
::ffff:192.168.1.45 - - [03/Jun/2022:10:38:06 +0000] "POST /api/v1/wallets/login HTTP/1.1" 200 504 "-" "okhttp/4.9.2"
::ffff:192.168.1.45 - - [03/Jun/2022:10:38:07 +0000] "POST /api/v1/transactions/wallet/62878c857533ce26b629efae HTTP/1.1" 200 17095 "-" "okhttp/4.9.2"
::ffff:192.168.1.45 - - [03/Jun/2022:10:38:17 +0000] "POST /api/v1/transactions/list/universal HTTP/1.1" 200 3739 "-" "okhttp/4.9.2"
::ffff:192.168.1.45 - - [03/Jun/2022:10:38:58 +0000] "POST /api/v1/transactions/bonus/salary HTTP/1.1" 200 212 "-" "okhttp/4.9.2"
::ffff:127.0.0.1 - - [03/Jun/2022:10:39:00 +0000] "POST /api/v1/transactions/ecosystem HTTP/1.1" 200 33 "-" "axios/0.27.2"
::ffff:192.168.1.26 - - [03/Jun/2022:10:39:13 +0000] "POST /api/v1/transactions/list/universal HTTP/1.1" 200 3739 "-" "okhttp/4.9.2"
::ffff:192.168.1.45 - - [03/Jun/2022:10:39:57 +0000] "POST /api/v1/transactions/list/universal HTTP/1.1" 200 8309 "-" "okhttp/4.9.2"
::ffff:127.0.0.1 - - [03/Jun/2022:10:40:01 +0000] "POST /api/v1/transactions/ecosystem HTTP/1.1" 200 33 "-" "axios/0.27.2"
::ffff:127.0.0.1 - - [03/Jun/2022:10:41:00 +0000] "POST /api/v1/transactions/ecosystem HTTP/1.1" 200 33 "-" "axios/0.27.2"
::ffff:192.168.1.26 - - [03/Jun/2022:10:41:23 +0000] "POST /api/v1/transactions/list/universal HTTP/1.1" 200 3739 "-" "okhttp/4.9.2"
::ffff:192.168.1.26 - - [03/Jun/2022:10:41:38 +0000] "POST /api/v1/transactions/list/universal HTTP/1.1" 200 3739 "-" "okhttp/4.9.2"
::ffff:192.168.1.26 - - [03/Jun/2022:10:41:40 +0000] "POST /api/v1/transactions/list/universal HTTP/1.1" 200 3739 "-" "okhttp/4.9.2"
::ffff:192.168.1.26 - - [03/Jun/2022:10:41:49 +0000] "POST /api/v1/transactions/list/universal HTTP/1.1" 200 8309 "-" "okhttp/4.9.2"
::ffff:192.168.1.26 - - [03/Jun/2022:10:41:51 +0000] "POST /api/v1/transactions/list/universal HTTP/1.1" 200 8309 "-" "okhttp/4.9.2"
::ffff:127.0.0.1 - - [03/Jun/2022:10:42:00 +0000] "POST /api/v1/transactions/ecosystem HTTP/1.1" 200 33 "-" "axios/0.27.2"
::ffff:192.168.1.26 - - [03/Jun/2022:10:42:56 +0000] "POST /api/v1/transactions/list/universal HTTP/1.1" 200 8309 "-" "okhttp/4.9.2"
::ffff:192.168.1.26 - - [03/Jun/2022:10:42:59 +0000] "POST /api/v1/transactions/list/universal HTTP/1.1" 200 8309 "-" "okhttp/4.9.2"
::ffff:127.0.0.1 - - [03/Jun/2022:10:43:00 +0000] "POST /api/v1/transactions/ecosystem HTTP/1.1" 200 33 "-" "axios/0.27.2"
::ffff:192.168.1.26 - - [03/Jun/2022:10:43:27 +0000] "POST /api/v1/transactions/list/universal HTTP/1.1" 200 8309 "-" "okhttp/4.9.2"
::ffff:127.0.0.1 - - [03/Jun/2022:10:44:00 +0000] "POST /api/v1/transactions/ecosystem HTTP/1.1" 200 33 "-" "axios/0.27.2"
::ffff:127.0.0.1 - - [03/Jun/2022:10:45:01 +0000] "POST /api/v1/transactions/ecosystem HTTP/1.1" 200 33 "-" "axios/0.27.2"
::ffff:192.168.1.26 - - [03/Jun/2022:10:45:31 +0000] "POST /api/v1/transactions/list/universal HTTP/1.1" 200 8309 "-" "okhttp/4.9.2"
::ffff:192.168.1.26 - - [03/Jun/2022:10:45:42 +0000] "POST /api/v1/transactions/list/universal HTTP/1.1" 200 8309 "-" "okhttp/4.9.2"
::ffff:127.0.0.1 - - [03/Jun/2022:10:46:00 +0000] "POST /api/v1/transactions/ecosystem HTTP/1.1" 200 33 "-" "axios/0.27.2"
::ffff:192.168.1.26 - - [03/Jun/2022:10:46:12 +0000] "POST /api/v1/transactions/list/universal HTTP/1.1" 200 8309 "-" "okhttp/4.9.2"
::ffff:192.168.1.45 - - [03/Jun/2022:10:46:57 +0000] "POST /api/v1/transactions/list/universal HTTP/1.1" 200 8309 "-" "okhttp/4.9.2"
::ffff:127.0.0.1 - - [03/Jun/2022:10:47:00 +0000] "POST /api/v1/transactions/ecosystem HTTP/1.1" 200 33 "-" "axios/0.27.2"
::ffff:192.168.1.45 - - [03/Jun/2022:10:47:07 +0000] "POST /api/v1/transactions/list/universal HTTP/1.1" 200 7568 "-" "okhttp/4.9.2"
::ffff:192.168.1.45 - - [03/Jun/2022:10:47:10 +0000] "POST /api/v1/transactions/list/universal HTTP/1.1" 200 7568 "-" "okhttp/4.9.2"
::ffff:192.168.1.45 - - [03/Jun/2022:10:47:17 +0000] "POST /api/v1/transactions/list/universal HTTP/1.1" 200 8309 "-" "okhttp/4.9.2"
::ffff:192.168.1.45 - - [03/Jun/2022:10:47:19 +0000] "POST /api/v1/transactions/list/universal HTTP/1.1" 200 8309 "-" "okhttp/4.9.2"
::ffff:192.168.1.45 - - [03/Jun/2022:10:47:31 +0000] "POST /api/v1/transactions/list/universal HTTP/1.1" 200 7568 "-" "okhttp/4.9.2"
::ffff:192.168.1.45 - - [03/Jun/2022:10:47:33 +0000] "POST /api/v1/transactions/list/universal HTTP/1.1" 200 7568 "-" "okhttp/4.9.2"
::ffff:192.168.1.45 - - [03/Jun/2022:10:47:55 +0000] "POST /api/v1/transactions/list/universal HTTP/1.1" 200 8309 "-" "okhttp/4.9.2"
::ffff:192.168.1.45 - - [03/Jun/2022:10:47:56 +0000] "POST /api/v1/transactions/list/universal HTTP/1.1" 200 8309 "-" "okhttp/4.9.2"
::ffff:127.0.0.1 - - [03/Jun/2022:10:48:00 +0000] "POST /api/v1/transactions/ecosystem HTTP/1.1" 200 33 "-" "axios/0.27.2"
::ffff:192.168.1.45 - - [03/Jun/2022:10:48:17 +0000] "POST /api/v1/transactions/statistic HTTP/1.1" 200 9490 "-" "okhttp/4.9.2"
::ffff:127.0.0.1 - - [03/Jun/2022:10:49:00 +0000] "POST /api/v1/transactions/ecosystem HTTP/1.1" 200 33 "-" "axios/0.27.2"
::ffff:127.0.0.1 - - [03/Jun/2022:10:50:01 +0000] "POST /api/v1/transactions/ecosystem HTTP/1.1" 200 33 "-" "axios/0.27.2"
::ffff:127.0.0.1 - - [03/Jun/2022:10:51:00 +0000] "POST /api/v1/transactions/ecosystem HTTP/1.1" 200 33 "-" "axios/0.27.2"
::ffff:127.0.0.1 - - [03/Jun/2022:10:52:00 +0000] "POST /api/v1/transactions/ecosystem HTTP/1.1" 200 33 "-" "axios/0.27.2"
::ffff:127.0.0.1 - - [03/Jun/2022:10:53:00 +0000] "POST /api/v1/transactions/ecosystem HTTP/1.1" 200 33 "-" "axios/0.27.2"
::ffff:127.0.0.1 - - [03/Jun/2022:10:54:00 +0000] "POST /api/v1/transactions/ecosystem HTTP/1.1" 200 33 "-" "axios/0.27.2"
::ffff:127.0.0.1 - - [03/Jun/2022:10:55:00 +0000] "POST /api/v1/transactions/ecosystem HTTP/1.1" 200 33 "-" "axios/0.27.2"
::ffff:127.0.0.1 - - [03/Jun/2022:10:56:00 +0000] "POST /api/v1/transactions/ecosystem HTTP/1.1" 200 33 "-" "axios/0.27.2"
::ffff:127.0.0.1 - - [03/Jun/2022:10:57:01 +0000] "POST /api/v1/transactions/ecosystem HTTP/1.1" 200 33 "-" "axios/0.27.2"
::ffff:127.0.0.1 - - [03/Jun/2022:10:58:00 +0000] "POST /api/v1/transactions/ecosystem HTTP/1.1" 200 33 "-" "axios/0.27.2"
::ffff:127.0.0.1 - - [03/Jun/2022:10:59:00 +0000] "POST /api/v1/transactions/ecosystem HTTP/1.1" 200 33 "-" "axios/0.27.2"
::ffff:127.0.0.1 - - [03/Jun/2022:11:00:00 +0000] "POST /api/v1/transactions/ecosystem HTTP/1.1" 200 33 "-" "axios/0.27.2"
::ffff:127.0.0.1 - - [03/Jun/2022:11:01:00 +0000] "POST /api/v1/transactions/ecosystem HTTP/1.1" 200 33 "-" "axios/0.27.2"
::ffff:127.0.0.1 - - [03/Jun/2022:11:02:00 +0000] "POST /api/v1/transactions/ecosystem HTTP/1.1" 200 33 "-" "axios/0.27.2"
::ffff:127.0.0.1 - - [03/Jun/2022:11:03:01 +0000] "POST /api/v1/transactions/ecosystem HTTP/1.1" 200 33 "-" "axios/0.27.2"
::ffff:127.0.0.1 - - [03/Jun/2022:11:04:01 +0000] "POST /api/v1/transactions/ecosystem HTTP/1.1" 200 33 "-" "axios/0.27.2"
::ffff:127.0.0.1 - - [03/Jun/2022:11:05:00 +0000] "POST /api/v1/transactions/ecosystem HTTP/1.1" 200 33 "-" "axios/0.27.2"
::ffff:127.0.0.1 - - [03/Jun/2022:11:07:01 +0000] "POST /api/v1/transactions/ecosystem HTTP/1.1" 200 33 "-" "axios/0.27.2"
::ffff:127.0.0.1 - - [03/Jun/2022:11:08:00 +0000] "POST /api/v1/transactions/ecosystem HTTP/1.1" 200 33 "-" "axios/0.27.2"
::ffff:127.0.0.1 - - [03/Jun/2022:11:09:01 +0000] "POST /api/v1/transactions/ecosystem HTTP/1.1" 200 33 "-" "axios/0.27.2"
::ffff:127.0.0.1 - - [03/Jun/2022:11:10:00 +0000] "POST /api/v1/transactions/ecosystem HTTP/1.1" 200 33 "-" "axios/0.27.2"
::ffff:127.0.0.1 - - [03/Jun/2022:11:11:00 +0000] "POST /api/v1/transactions/ecosystem HTTP/1.1" 200 33 "-" "axios/0.27.2"
::ffff:127.0.0.1 - - [03/Jun/2022:11:12:00 +0000] "POST /api/v1/transactions/ecosystem HTTP/1.1" 200 33 "-" "axios/0.27.2"
::ffff:127.0.0.1 - - [03/Jun/2022:11:13:01 +0000] "POST /api/v1/transactions/ecosystem HTTP/1.1" 200 33 "-" "axios/0.27.2"
::ffff:127.0.0.1 - - [03/Jun/2022:11:14:00 +0000] "POST /api/v1/transactions/ecosystem HTTP/1.1" 200 33 "-" "axios/0.27.2"
::ffff:127.0.0.1 - - [03/Jun/2022:11:15:00 +0000] "POST /api/v1/transactions/ecosystem HTTP/1.1" 200 33 "-" "axios/0.27.2"
::ffff:127.0.0.1 - - [03/Jun/2022:11:16:00 +0000] "POST /api/v1/transactions/ecosystem HTTP/1.1" 200 33 "-" "axios/0.27.2"
::ffff:127.0.0.1 - - [03/Jun/2022:11:17:00 +0000] "POST /api/v1/transactions/ecosystem HTTP/1.1" 200 33 "-" "axios/0.27.2"
::ffff:127.0.0.1 - - [03/Jun/2022:11:18:00 +0000] "POST /api/v1/transactions/ecosystem HTTP/1.1" 200 33 "-" "axios/0.27.2"
::ffff:127.0.0.1 - - [03/Jun/2022:11:19:00 +0000] "POST /api/v1/transactions/ecosystem HTTP/1.1" 200 33 "-" "axios/0.27.2"
::ffff:127.0.0.1 - - [03/Jun/2022:11:20:00 +0000] "POST /api/v1/transactions/ecosystem HTTP/1.1" 200 33 "-" "axios/0.27.2"
::ffff:127.0.0.1 - - [03/Jun/2022:11:21:00 +0000] "POST /api/v1/transactions/ecosystem HTTP/1.1" 200 33 "-" "axios/0.27.2"
::ffff:127.0.0.1 - - [03/Jun/2022:11:22:00 +0000] "POST /api/v1/transactions/ecosystem HTTP/1.1" 200 33 "-" "axios/0.27.2"
::ffff:127.0.0.1 - - [03/Jun/2022:11:23:00 +0000] "POST /api/v1/transactions/ecosystem HTTP/1.1" 200 33 "-" "axios/0.27.2"
::ffff:127.0.0.1 - - [03/Jun/2022:11:24:00 +0000] "POST /api/v1/transactions/ecosystem HTTP/1.1" 200 33 "-" "axios/0.27.2"
::ffff:127.0.0.1 - - [03/Jun/2022:11:25:00 +0000] "POST /api/v1/transactions/ecosystem HTTP/1.1" 200 33 "-" "axios/0.27.2"
::ffff:127.0.0.1 - - [03/Jun/2022:11:26:00 +0000] "POST /api/v1/transactions/ecosystem HTTP/1.1" 200 33 "-" "axios/0.27.2"
::ffff:127.0.0.1 - - [03/Jun/2022:11:27:00 +0000] "POST /api/v1/transactions/ecosystem HTTP/1.1" 200 33 "-" "axios/0.27.2"
::ffff:127.0.0.1 - - [03/Jun/2022:11:28:01 +0000] "POST /api/v1/transactions/ecosystem HTTP/1.1" 200 33 "-" "axios/0.27.2"
::ffff:127.0.0.1 - - [03/Jun/2022:11:29:00 +0000] "POST /api/v1/transactions/ecosystem HTTP/1.1" 200 33 "-" "axios/0.27.2"
::ffff:127.0.0.1 - - [03/Jun/2022:11:30:00 +0000] "POST /api/v1/transactions/ecosystem HTTP/1.1" 200 33 "-" "axios/0.27.2"
::ffff:127.0.0.1 - - [03/Jun/2022:11:31:00 +0000] "POST /api/v1/transactions/ecosystem HTTP/1.1" 200 33 "-" "axios/0.27.2"
::ffff:127.0.0.1 - - [03/Jun/2022:11:32:00 +0000] "POST /api/v1/transactions/ecosystem HTTP/1.1" 200 33 "-" "axios/0.27.2"
::ffff:192.168.1.45 - - [03/Jun/2022:11:32:40 +0000] "POST /api/v1/wallets/login HTTP/1.1" 200 504 "-" "okhttp/4.9.2"
::ffff:192.168.1.45 - - [03/Jun/2022:11:32:41 +0000] "POST /api/v1/transactions/wallet/62878c857533ce26b629efae HTTP/1.1" 200 17095 "-" "okhttp/4.9.2"
::ffff:192.168.1.45 - - [03/Jun/2022:11:32:45 +0000] "POST /api/v1/transactions/statistic HTTP/1.1" 200 9490 "-" "okhttp/4.9.2"
::ffff:127.0.0.1 - - [03/Jun/2022:11:33:00 +0000] "POST /api/v1/transactions/ecosystem HTTP/1.1" 200 33 "-" "axios/0.27.2"
::ffff:192.168.1.45 - - [03/Jun/2022:11:34:00 +0000] "POST /api/v1/wallets/login HTTP/1.1" 200 498 "-" "okhttp/4.9.2"
::ffff:192.168.1.45 - - [03/Jun/2022:11:34:00 +0000] "POST /api/v1/transactions/wallet/62878c547533ce26b629efa5 HTTP/1.1" 200 2381 "-" "okhttp/4.9.2"
::ffff:127.0.0.1 - - [03/Jun/2022:11:34:00 +0000] "POST /api/v1/transactions/ecosystem HTTP/1.1" 200 33 "-" "axios/0.27.2"
::ffff:192.168.1.45 - - [03/Jun/2022:11:34:39 +0000] "POST /api/v1/wallets/login HTTP/1.1" 200 504 "-" "okhttp/4.9.2"
::ffff:192.168.1.45 - - [03/Jun/2022:11:34:40 +0000] "POST /api/v1/transactions/wallet/62878c857533ce26b629efae HTTP/1.1" 200 17095 "-" "okhttp/4.9.2"
::ffff:127.0.0.1 - - [03/Jun/2022:11:35:00 +0000] "POST /api/v1/transactions/ecosystem HTTP/1.1" 200 33 "-" "axios/0.27.2"
::ffff:127.0.0.1 - - [03/Jun/2022:11:36:01 +0000] "POST /api/v1/transactions/ecosystem HTTP/1.1" 200 33 "-" "axios/0.27.2"
::ffff:127.0.0.1 - - [03/Jun/2022:11:37:00 +0000] "POST /api/v1/transactions/ecosystem HTTP/1.1" 200 33 "-" "axios/0.27.2"
::ffff:127.0.0.1 - - [03/Jun/2022:11:38:00 +0000] "POST /api/v1/transactions/ecosystem HTTP/1.1" 200 33 "-" "axios/0.27.2"
::ffff:192.168.1.45 - - [03/Jun/2022:11:38:43 +0000] "POST /api/v1/transactions/statistic HTTP/1.1" 200 9490 "-" "okhttp/4.9.2"
::ffff:127.0.0.1 - - [03/Jun/2022:11:39:00 +0000] "POST /api/v1/transactions/ecosystem HTTP/1.1" 200 33 "-" "axios/0.27.2"
::ffff:127.0.0.1 - - [03/Jun/2022:11:40:00 +0000] "POST /api/v1/transactions/ecosystem HTTP/1.1" 200 33 "-" "axios/0.27.2"
::ffff:127.0.0.1 - - [03/Jun/2022:11:41:00 +0000] "POST /api/v1/transactions/ecosystem HTTP/1.1" 200 33 "-" "axios/0.27.2"
::ffff:127.0.0.1 - - [03/Jun/2022:11:42:00 +0000] "POST /api/v1/transactions/ecosystem HTTP/1.1" 200 33 "-" "axios/0.27.2"
::ffff:127.0.0.1 - - [03/Jun/2022:11:43:00 +0000] "POST /api/v1/transactions/ecosystem HTTP/1.1" 200 33 "-" "axios/0.27.2"
::ffff:127.0.0.1 - - [03/Jun/2022:11:44:00 +0000] "POST /api/v1/transactions/ecosystem HTTP/1.1" 200 33 "-" "axios/0.27.2"
::ffff:127.0.0.1 - - [03/Jun/2022:11:45:00 +0000] "POST /api/v1/transactions/ecosystem HTTP/1.1" 200 33 "-" "axios/0.27.2"
::ffff:127.0.0.1 - - [03/Jun/2022:11:46:00 +0000] "POST /api/v1/transactions/ecosystem HTTP/1.1" 200 33 "-" "axios/0.27.2"
::ffff:127.0.0.1 - - [03/Jun/2022:11:47:00 +0000] "POST /api/v1/transactions/ecosystem HTTP/1.1" 200 33 "-" "axios/0.27.2"
::ffff:127.0.0.1 - - [03/Jun/2022:11:48:00 +0000] "POST /api/v1/transactions/ecosystem HTTP/1.1" 200 33 "-" "axios/0.27.2"
::ffff:127.0.0.1 - - [03/Jun/2022:11:49:00 +0000] "POST /api/v1/transactions/ecosystem HTTP/1.1" 200 33 "-" "axios/0.27.2"
::ffff:127.0.0.1 - - [03/Jun/2022:11:50:01 +0000] "POST /api/v1/transactions/ecosystem HTTP/1.1" 200 33 "-" "axios/0.27.2"
::ffff:127.0.0.1 - - [03/Jun/2022:11:51:00 +0000] "POST /api/v1/transactions/ecosystem HTTP/1.1" 200 33 "-" "axios/0.27.2"
::ffff:127.0.0.1 - - [03/Jun/2022:11:52:00 +0000] "POST /api/v1/transactions/ecosystem HTTP/1.1" 200 33 "-" "axios/0.27.2"
::ffff:127.0.0.1 - - [03/Jun/2022:11:53:00 +0000] "POST /api/v1/transactions/ecosystem HTTP/1.1" 200 33 "-" "axios/0.27.2"
::ffff:127.0.0.1 - - [03/Jun/2022:11:54:00 +0000] "POST /api/v1/transactions/ecosystem HTTP/1.1" 200 33 "-" "axios/0.27.2"
::ffff:127.0.0.1 - - [03/Jun/2022:11:55:00 +0000] "POST /api/v1/transactions/ecosystem HTTP/1.1" 200 33 "-" "axios/0.27.2"
::ffff:127.0.0.1 - - [03/Jun/2022:11:56:00 +0000] "POST /api/v1/transactions/ecosystem HTTP/1.1" 200 33 "-" "axios/0.27.2"
::ffff:127.0.0.1 - - [03/Jun/2022:11:57:00 +0000] "POST /api/v1/transactions/ecosystem HTTP/1.1" 200 33 "-" "axios/0.27.2"
::ffff:127.0.0.1 - - [03/Jun/2022:11:58:00 +0000] "POST /api/v1/transactions/ecosystem HTTP/1.1" 200 33 "-" "axios/0.27.2"
::ffff:127.0.0.1 - - [03/Jun/2022:11:59:00 +0000] "POST /api/v1/transactions/ecosystem HTTP/1.1" 200 33 "-" "axios/0.27.2"
::ffff:127.0.0.1 - - [06/Jun/2022:06:39:01 +0000] "POST /api/v1/transactions/ecosystem HTTP/1.1" 200 33 "-" "axios/0.27.2"
::ffff:127.0.0.1 - - [06/Jun/2022:06:40:01 +0000] "POST /api/v1/transactions/ecosystem HTTP/1.1" 200 33 "-" "axios/0.27.2"
::ffff:127.0.0.1 - - [06/Jun/2022:06:41:00 +0000] "POST /api/v1/transactions/ecosystem HTTP/1.1" 200 33 "-" "axios/0.27.2"
::ffff:127.0.0.1 - - [06/Jun/2022:06:42:01 +0000] "POST /api/v1/transactions/ecosystem HTTP/1.1" 200 33 "-" "axios/0.27.2"
::ffff:127.0.0.1 - - [06/Jun/2022:06:43:01 +0000] "POST /api/v1/transactions/ecosystem HTTP/1.1" 200 33 "-" "axios/0.27.2"
::ffff:127.0.0.1 - - [06/Jun/2022:06:44:00 +0000] "POST /api/v1/transactions/ecosystem HTTP/1.1" 200 33 "-" "axios/0.27.2"
::ffff:127.0.0.1 - - [06/Jun/2022:06:45:01 +0000] "POST /api/v1/transactions/ecosystem HTTP/1.1" 200 33 "-" "axios/0.27.2"
::ffff:127.0.0.1 - - [09/Jun/2022:15:23:00 +0000] "POST /api/v1/transactions/ecosystem HTTP/1.1" 200 33 "-" "axios/0.27.2"
::ffff:127.0.0.1 - - [09/Jun/2022:15:24:01 +0000] "POST /api/v1/transactions/ecosystem HTTP/1.1" 200 33 "-" "axios/0.27.2"
::1 - - [09/Jun/2022:15:24:37 +0000] "POST /api/v1/transactions/bosschecklist HTTP/1.1" 401 138 "-" "PostmanRuntime/7.29.0"
::1 - - [09/Jun/2022:15:24:40 +0000] "POST /api/v1/wallets/login HTTP/1.1" 200 498 "-" "PostmanRuntime/7.29.0"
::1 - - [09/Jun/2022:15:24:45 +0000] "POST /api/v1/transactions/bosschecklist HTTP/1.1" 200 10458 "-" "PostmanRuntime/7.29.0"
::ffff:127.0.0.1 - - [09/Jun/2022:15:25:00 +0000] "POST /api/v1/transactions/ecosystem HTTP/1.1" 200 33 "-" "axios/0.27.2"
::1 - - [09/Jun/2022:15:25:03 +0000] "POST /api/v1/transactions/bosschecklist HTTP/1.1" 200 10458 "-" "PostmanRuntime/7.29.0"
::1 - - [09/Jun/2022:15:25:41 +0000] "POST /api/v1/transactions/bosschecklist HTTP/1.1" 200 724 "-" "PostmanRuntime/7.29.0"
::1 - - [09/Jun/2022:15:25:42 +0000] "POST /api/v1/transactions/bosschecklist HTTP/1.1" 200 724 "-" "PostmanRuntime/7.29.0"
::ffff:127.0.0.1 - - [09/Jun/2022:15:26:00 +0000] "POST /api/v1/transactions/ecosystem HTTP/1.1" 200 33 "-" "axios/0.27.2"
::1 - - [09/Jun/2022:15:26:30 +0000] "POST /api/v1/transactions/bosscheckit HTTP/1.1" 200 16 "-" "PostmanRuntime/7.29.0"
::1 - - [09/Jun/2022:15:26:34 +0000] "POST /api/v1/transactions/bosschecklist HTTP/1.1" 200 26 "-" "PostmanRuntime/7.29.0"
::1 - - [09/Jun/2022:15:26:38 +0000] "POST /api/v1/transactions/bosscheckit HTTP/1.1" 403 73 "-" "PostmanRuntime/7.29.0"
::1 - - [09/Jun/2022:15:26:46 +0000] "POST /api/v1/transactions/test HTTP/1.1" 404 164 "-" "PostmanRuntime/7.29.0"
::1 - - [09/Jun/2022:15:26:58 +0000] "GET /api/v1/wallets/list-variance HTTP/1.1" 200 349 "-" "PostmanRuntime/7.29.0"
::ffff:127.0.0.1 - - [09/Jun/2022:15:27:00 +0000] "POST /api/v1/transactions/ecosystem HTTP/1.1" 200 33 "-" "axios/0.27.2"
::1 - - [09/Jun/2022:15:27:04 +0000] "GET /api/v1/wallets/list-variance HTTP/1.1" 200 349 "-" "PostmanRuntime/7.29.0"
